Component: ARM Compiler 5.06 update 6 (build 750) Tool: armlink [4d35ed]

==============================================================================

Section Cross References

    main.o(i.main) refers to misc.o(i.NVIC_PriorityGroupConfig) for NVIC_PriorityGroupConfig
    main.o(i.main) refers to delay.o(i.delay_init) for delay_init
    main.o(i.main) refers to usart1.o(i.usart1_init) for usart1_init
    main.o(i.main) refers to usart2.o(i.usart2_init) for usart2_init
    main.o(i.main) refers to usart3.o(i.usart3_init) for usart3_init
    main.o(i.main) refers to timer4.o(i.tim4_init) for tim4_init
    main.o(i.main) refers to led.o(i.led_init) for led_init
    main.o(i.main) refers to motor.o(i.MiniBalance_PWM_Init) for MiniBalance_PWM_Init
    main.o(i.main) refers to motor.o(i.MiniBalance_Motor_Init) for MiniBalance_Motor_Init
    main.o(i.main) refers to encoder.o(i.Encoder_Init_TIM2) for Encoder_Init_TIM2
    main.o(i.main) refers to timer.o(i.TIM1_Int_Init) for TIM1_Int_Init
    main.o(i.main) refers to wifi.o(i.wifi_reset_io_init) for wifi_reset_io_init
    main.o(i.main) refers to mqtt.o(i.IoT_parameter_init) for IoT_parameter_init
    main.o(i.main) refers to tasks.o(i.xTaskCreate) for xTaskCreate
    main.o(i.main) refers to tasks.o(i.vTaskStartScheduler) for vTaskStartScheduler
    main.o(i.main) refers to main.o(.data) for StartTask_Handler
    main.o(i.main) refers to main.o(i.my_start_task) for my_start_task
    main.o(i.mqtt_buffer_rx_tx_task) refers to _printf_percent.o(.ARM.Collect$$_printf_percent$$00000000) for _printf_percent
    main.o(i.mqtt_buffer_rx_tx_task) refers to _printf_x.o(.ARM.Collect$$_printf_percent$$0000000C) for _printf_x
    main.o(i.mqtt_buffer_rx_tx_task) refers to _printf_hex_int_ll_ptr.o(.text) for _printf_longlong_hex
    main.o(i.mqtt_buffer_rx_tx_task) refers to event_groups.o(i.xEventGroupWaitBits) for xEventGroupWaitBits
    main.o(i.mqtt_buffer_rx_tx_task) refers to __2printf.o(.text) for __2printf
    main.o(i.mqtt_buffer_rx_tx_task) refers to usart2.o(i.u2_TxData) for u2_TxData
    main.o(i.mqtt_buffer_rx_tx_task) refers to mqtt.o(i.MQTT_DealPushdata_Qs0) for MQTT_DealPushdata_Qs0
    main.o(i.mqtt_buffer_rx_tx_task) refers to queue.o(i.xQueueGenericSend) for xQueueGenericSend
    main.o(i.mqtt_buffer_rx_tx_task) refers to timer3.o(i.TIM3_ENABLE_30S) for TIM3_ENABLE_30S
    main.o(i.mqtt_buffer_rx_tx_task) refers to event_groups.o(i.xEventGroupSetBits) for xEventGroupSetBits
    main.o(i.mqtt_buffer_rx_tx_task) refers to tasks.o(i.vTaskResume) for vTaskResume
    main.o(i.mqtt_buffer_rx_tx_task) refers to delay.o(i.delay_ms) for delay_ms
    main.o(i.mqtt_buffer_rx_tx_task) refers to main.o(.data) for Event_Handle
    main.o(i.mqtt_buffer_rx_tx_task) refers to mqtt.o(.data) for MQTT_TxDataOutPtr
    main.o(i.mqtt_buffer_rx_tx_task) refers to mqtt.o(.bss) for MQTT_TxDataBuf
    main.o(i.my_mqtt_buffer_cmd_task) refers to _printf_percent.o(.ARM.Collect$$_printf_percent$$00000000) for _printf_percent
    main.o(i.my_mqtt_buffer_cmd_task) refers to _printf_s.o(.ARM.Collect$$_printf_percent$$00000014) for _printf_s
    main.o(i.my_mqtt_buffer_cmd_task) refers to _printf_str.o(.text) for _printf_str
    main.o(i.my_mqtt_buffer_cmd_task) refers to queue.o(i.xQueueGenericReceive) for xQueueGenericReceive
    main.o(i.my_mqtt_buffer_cmd_task) refers to __2printf.o(.text) for __2printf
    main.o(i.my_mqtt_buffer_cmd_task) refers to strlen.o(.text) for strlen
    main.o(i.my_mqtt_buffer_cmd_task) refers to memcmp.o(.text) for memcmp
    main.o(i.my_mqtt_buffer_cmd_task) refers to led.o(i.led1_on) for led1_on
    main.o(i.my_mqtt_buffer_cmd_task) refers to one.o(i.CON) for CON
    main.o(i.my_mqtt_buffer_cmd_task) refers to led.o(i.led1_off) for led1_off
    main.o(i.my_mqtt_buffer_cmd_task) refers to one.o(i.COFF) for COFF
    main.o(i.my_mqtt_buffer_cmd_task) refers to one.o(i.CONE) for CONE
    main.o(i.my_mqtt_buffer_cmd_task) refers to one.o(i.CTWO) for CTWO
    main.o(i.my_mqtt_buffer_cmd_task) refers to one.o(i.CTHREE) for CTHREE
    main.o(i.my_mqtt_buffer_cmd_task) refers to control.o(i.send_device_state) for send_device_state
    main.o(i.my_mqtt_buffer_cmd_task) refers to delay.o(i.delay_ms) for delay_ms
    main.o(i.my_mqtt_buffer_cmd_task) refers to main.o(.data) for BinarySemaphore
    main.o(i.my_mqtt_buffer_cmd_task) refers to mqtt.o(.data) for MQTT_CMDOutPtr
    main.o(i.my_mqtt_buffer_cmd_task) refers to main.o(.constdata) for LOCAL_TOPIC
    main.o(i.my_mqtt_buffer_cmd_task) refers to mqtt.o(.bss) for MQTT_CMDBuf
    main.o(i.my_start_task) refers to port.o(i.vPortEnterCritical) for vPortEnterCritical
    main.o(i.my_start_task) refers to queue.o(i.xQueueGenericCreate) for xQueueGenericCreate
    main.o(i.my_start_task) refers to event_groups.o(i.xEventGroupCreate) for xEventGroupCreate
    main.o(i.my_start_task) refers to tasks.o(i.xTaskCreate) for xTaskCreate
[...]
    CAN1_RX1_IRQHandler                      0x0800036b   Thumb Code     0  startup_stm32f10x_hd.o(.text)
    CAN1_SCE_IRQHandler                      0x0800036b   Thumb Code     0  startup_stm32f10x_hd.o(.text)
    DMA1_Channel1_IRQHandler                 0x0800036b   Thumb Code     0  startup_stm32f10x_hd.o(.text)
    DMA1_Channel2_IRQHandler                 0x0800036b   Thumb Code     0  startup_stm32f10x_hd.o(.text)
    DMA1_Channel3_IRQHandler                 0x0800036b   Thumb Code     0  startup_stm32f10x_hd.o(.text)
    DMA1_Channel4_IRQHandler                 0x0800036b   Thumb Code     0  startup_stm32f10x_hd.o(.text)
    DMA1_Channel5_IRQHandler                 0x0800036b   Thumb Code     0  startup_stm32f10x_hd.o(.text)
    DMA1_Channel6_IRQHandler                 0x0800036b   Thumb Code     0  startup_stm32f10x_hd.o(.text)
    DMA1_Channel7_IRQHandler                 0x0800036b   Thumb Code     0  startup_stm32f10x_hd.o(.text)
    DMA2_Channel1_IRQHandler                 0x0800036b   Thumb Code     0  startup_stm32f10x_hd.o(.text)
    DMA2_Channel2_IRQHandler                 0x0800036b   Thumb Code     0  startup_stm32f10x_hd.o(.text)
    DMA2_Channel3_IRQHandler                 0x0800036b   Thumb Code     0  startup_stm32f10x_hd.o(.text)
    DMA2_Channel4_5_IRQHandler               0x0800036b   Thumb Code     0  startup_stm32f10x_hd.o(.text)
    EXTI0_IRQHandler                         0x0800036b   Thumb Code     0  startup_stm32f10x_hd.o(.text)
    EXTI15_10_IRQHandler                     0x0800036b   Thumb Code     0  startup_stm32f10x_hd.o(.text)
    EXTI1_IRQHandler                         0x0800036b   Thumb Code     0  startup_stm32f10x_hd.o(.text)
    EXTI2_IRQHandler                         0x0800036b   Thumb Code     0  startup_stm32f10x_hd.o(.text)
    EXTI3_IRQHandler                         0x0800036b   Thumb Code     0  startup_stm32f10x_hd.o(.text)
    EXTI4_IRQHandler                         0x0800036b   Thumb Code     0  startup_stm32f10x_hd.o(.text)
    EXTI9_5_IRQHandler                       0x0800036b   Thumb Code     0  startup_stm32f10x_hd.o(.text)
    FLASH_IRQHandler                         0x0800036b   Thumb Code     0  startup_stm32f10x_hd.o(.text)
    FSMC_IRQHandler                          0x0800036b   Thumb Code     0  startup_stm32f10x_hd.o(.text)
    I2C1_ER_IRQHandler                       0x0800036b   Thumb Code     0  startup_stm32f10x_hd.o(.text)
    I2C1_EV_IRQHandler                       0x0800036b   Thumb Code     0  startup_stm32f10x_hd.o(.text)
    I2C2_ER_IRQHandler                       0x0800036b   Thumb Code     0  startup_stm32f10x_hd.o(.text)
    I2C2_EV_IRQHandler                       0x0800036b   Thumb Code     0  startup_stm32f10x_hd.o(.text)
    PVD_IRQHandler                           0x0800036b   Thumb Code     0  startup_stm32f10x_hd.o(.text)
    RCC_IRQHandler                           0x0800036b   Thumb Code     0  startup_stm32f10x_hd.o(.text)
    RTCAlarm_IRQHandler                      0x0800036b   Thumb Code     0  startup_stm32f10x_hd.o(.text)
    RTC_IRQHandler                           0x0800036b   Thumb Code     0  startup_stm32f10x_hd.o(.text)
    SDIO_IRQHandler                          0x0800036b   Thumb Code     0  startup_stm32f10x_hd.o(.text)
    SPI1_IRQHandler                          0x0800036b   Thumb Code     0  startup_stm32f10x_hd.o(.text)
    SPI2_IRQHandler                          0x0800036b   Thumb Code     0  startup_stm32f10x_hd.o(.text)
    SPI3_IRQHandler                          0x0800036b   Thumb Code     0  startup_stm32f10x_hd.o(.text)
    TAMPER_IRQHandler                        0x0800036b   Thumb Code     0  startup_stm32f10x_hd.o(.text)
    TIM1_BRK_IRQHandler                      0x0800036b   Thumb Code     0  startup_stm32f10x_hd.o(.text)
    TIM1_CC_IRQHandler                       0x0800036b   Thumb Code     0  startup_stm32f10x_hd.o(.text)
    TIM1_TRG_COM_IRQHandler                  0x0800036b   Thumb Code     0  startup_stm32f10x_hd.o(.text)
    TIM1_UP_IRQHandler                       0x0800036b   Thumb Code     0  startup_stm32f10x_hd.o(.text)
    TIM5_IRQHandler                          0x0800036b   Thumb Code     0  startup_stm32f10x_hd.o(.text)
    TIM6_IRQHandler                          0x0800036b   Thumb Code     0  startup_stm32f10x_hd.o(.text)
    TIM7_IRQHandler                          0x0800036b   Thumb Code     0  startup_stm32f10x_hd.o(.text)
    TIM8_BRK_IRQHandler                      0x0800036b   Thumb Code     0  startup_stm32f10x_hd.o(.text)
    TIM8_CC_IRQHandler                       0x0800036b   Thumb Code     0  startup_stm32f10x_hd.o(.text)
    TIM8_TRG_COM_IRQHandler                  0x0800036b   Thumb Code     0  startup_stm32f10x_hd.o(.text)
    TIM8_UP_IRQHandler                       0x0800036b   Thumb Code     0  startup_stm32f10x_hd.o(.text)
    UART4_IRQHandler                         0x0800036b   Thumb Code     0  startup_stm32f10x_hd.o(.text)
    UART5_IRQHandler                         0x0800036b   Thumb Code     0  startup_stm32f10x_hd.o(.text)
    USART1_IRQHandler                        0x0800036b   Thumb Code     0  startup_stm32f10x_hd.o(.text)
    USBWakeUp_IRQHandler                     0x0800036b   Thumb Code     0  startup_stm32f10x_hd.o(.text)
    USB_HP_CAN1_TX_IRQHandler                0x0800036b   Thumb Code     0  startup_stm32f10x_hd.o(.text)
    USB_LP_CAN1_RX0_IRQHandler               0x0800036b   Thumb Code     0  startup_stm32f10x_hd.o(.text)
    WWDG_IRQHandler                          0x0800036b   Thumb Code     0  startup_stm32f10x_hd.o(.text)
    __user_initial_stackheap                 0x0800036d   Thumb Code     0  startup_stm32f10x_hd.o(.text)
    __use_no_semihosting                     0x08000391   Thumb Code     2  use_no_semi_2.o(.text)
    __c89vsprintf                            0x08000395   Thumb Code    32  c89vsprintf.o(.text)
    __2printf                                0x080003b9   Thumb Code    20  __2printf.o(.text)
    __2sprintf                               0x080003d1   Thumb Code    38  __2sprintf.o(.text)
    _printf_str                              0x080003fd   Thumb Code    82  _printf_str.o(.text)
    _printf_int_dec                          0x08000451   Thumb Code   104  _printf_dec.o(.text)
    _printf_longlong_hex                     0x080004c9   Thumb Code    86  _printf_hex_int_ll_ptr.o(.text)
    _printf_int_hex                          0x0800051f   Thumb Code    28  _printf_hex_int_ll_ptr.o(.text)
    _printf_ll_hex                           0x0800053b   Thumb Code    12  _printf_hex_int_ll_ptr.o(.text)
    _printf_hex_ptr                          0x08000547   Thumb Code    18  _printf_hex_int_ll_ptr.o(.text)
    __printf                                 0x0800055d   Thumb Code   388  __printf_flags_ss_wp.o(.text)
    strstr                                   0x080006e5   Thumb Code    36  strstr.o(.text)
    memcmp                                   0x08000709   Thumb Code    88  memcmp.o(.text)
    strlen                                   0x08000761   Thumb Code    62  strlen.o(.text)
    __aeabi_memcpy                           0x0800079f   Thumb Code     0  rt_memcpy_v6.o(.text)
    __rt_memcpy                              0x0800079f   Thumb Code   138  rt_memcpy_v6.o(.text)
    _memcpy_lastbytes                        0x08000805   Thumb Code     0  rt_memcpy_v6.o(.text)
    __aeabi_memset                           0x08000829   Thumb Code    16  aeabi_memset.o(.text)
    __aeabi_memclr                           0x08000839   Thumb Code     0  rt_memclr.o(.text)
    __rt_memclr                              0x08000839   Thumb Code    68  rt_memclr.o(.text)
    _memset                                  0x0800083d   Thumb Code     0  rt_memclr.o(.text)
    __aeabi_memclr4                          0x0800087d   Thumb Code     0  rt_memclr_w.o(.text)
    __aeabi_memclr8                          0x0800087d   Thumb Code     0  rt_memclr_w.o(.text)
    __rt_memclr_w                            0x0800087d   Thumb Code    78  rt_memclr_w.o(.text)
    _memset_w                                0x08000881   Thumb Code     0  rt_memclr_w.o(.text)
    __use_two_region_memory                  0x080008cb   Thumb Code     2  heapauxi.o(.text)
    __rt_heap_escrow$2region                 0x080008cd   Thumb Code     2  heapauxi.o(.text)
    __rt_heap_expand$2region                 0x080008cf   Thumb Code     2  heapauxi.o(.text)
    __I$use$semihosting                      0x080008d1   Thumb Code     0  use_no_semi.o(.text)
    __use_no_semihosting_swi                 0x080008d1   Thumb Code     2  use_no_semi.o(.text)
    _printf_pre_padding                      0x080008d3   Thumb Code    44  _printf_pad.o(.text)
    _printf_post_padding                     0x080008ff   Thumb Code    34  _printf_pad.o(.text)
    _printf_truncate_signed                  0x08000921   Thumb Code    18  _printf_truncate.o(.text)
    _printf_truncate_unsigned                0x08000933   Thumb Code    18  _printf_truncate.o(.text)
    _printf_int_common                       0x08000945   Thumb Code   178  _printf_intcommon.o(.text)
    _printf_charcount                        0x080009f7   Thumb Code    40  _printf_charcount.o(.text)
    _printf_char_common                      0x08000a2b   Thumb Code    32  _printf_char_common.o(.text)
    _sputc                                   0x08000a51   Thumb Code    10  _sputc.o(.text)
    _printf_cs_common                        0x08000a5b   Thumb Code    20  _printf_char.o(.text)
    _printf_char                             0x08000a6f   Thumb Code    16  _printf_char.o(.text)
    _printf_string                           0x08000a7f   Thumb Code     8  _printf_char.o(.text)
    _printf_char_file                        0x08000a89   Thumb Code    32  _printf_char_file.o(.text)
    _printf_wctomb                           0x08000aad   Thumb Code   182  _printf_wctomb.o(.text)
    _printf_longlong_dec                     0x08000b69   Thumb Code   108  _printf_longlong_dec.o(.text)
    _printf_longlong_oct                     0x08000be5   Thumb Code    66  _printf_oct_int_ll.o(.text)
    _printf_int_oct                          0x08000c27   Thumb Code    24  _printf_oct_int_ll.o(.text)
    _printf_ll_oct                           0x08000c3f   Thumb Code    12  _printf_oct_int_ll.o(.text)
    __aeabi_memcpy4                          0x08000c55   Thumb Code     0  rt_memcpy_w.o(.text)
    __aeabi_memcpy8                          0x08000c55   Thumb Code     0  rt_memcpy_w.o(.text)
    __rt_memcpy_w                            0x08000c55   Thumb Code   100  rt_memcpy_w.o(.text)
    _memcpy_lastbytes_aligned                0x08000c9d   Thumb Code     0  rt_memcpy_w.o(.text)
    _ll_udiv10                               0x08000cb9   Thumb Code   138  lludiv10.o(.text)
    __lib_sel_fp_printf                      0x08000d43   Thumb Code     2  _printf_fp_dec.o(.text)
    _printf_fp_dec_real                      0x08000ef5   Thumb Code   620  _printf_fp_dec.o(.text)
    _printf_lcs_common                       0x08001161   Thumb Code    20  _printf_wchar.o(.text)
    _printf_wchar                            0x08001175   Thumb Code    16  _printf_wchar.o(.text)
    _printf_wstring                          0x08001185   Thumb Code     8  _printf_wchar.o(.text)
    ferror                                   0x0800118d   Thumb Code     8  ferror.o(.text)
    _wcrtomb                                 0x08001195   Thumb Code    64  _wcrtomb.o(.text)
    __user_setup_stackheap                   0x080011d5   Thumb Code    74  sys_stackheap_outer.o(.text)
    __rt_ctype_table                         0x08001221   Thumb Code    16  rt_ctype_table.o(.text)
    __rt_locale                              0x08001231   Thumb Code     8  rt_locale_intlibspace.o(.text)
    _printf_fp_infnan                        0x08001239   Thumb Code   112  _printf_fp_infnan.o(.text)
    _btod_etento                             0x080012b9   Thumb Code   224  bigflt0.o(.text)
    exit                                     0x0800139d   Thumb Code    18  exit.o(.text)
    __user_libspace                          0x080013b1   Thumb Code     8  libspace.o(.text)
    __user_perproc_libspace                  0x080013b1   Thumb Code     0  libspace.o(.text)
    __user_perthread_libspace                0x080013b1   Thumb Code     0  libspace.o(.text)
    strcmp                                   0x080013b9   Thumb Code   128  strcmpv7m.o(.text)
    _btod_d2e                                0x08001439   Thumb Code    62  btod.o(CL$$btod_d2e)
    _d2e_denorm_low                          0x08001477   Thumb Code    70  btod.o(CL$$btod_d2e_denorm_low)
    _d2e_norm_op1                            0x080014bd   Thumb Code    96  btod.o(CL$$btod_d2e_norm_op1)
    __btod_div_common                        0x0800151d   Thumb Code   696  btod.o(CL$$btod_div_common)
    _e2e                                     0x08001855   Thumb Code   220  btod.o(CL$$btod_e2e)
    _btod_ediv                               0x08001931   Thumb Code    42  btod.o(CL$$btod_ediv)
    _btod_emul                               0x0800195b   Thumb Code    42  btod.o(CL$$btod_emul)
    __btod_mult_common                       0x08001985   Thumb Code   580  btod.o(CL$$btod_mult_common)
    BusFault_Handler                         0x08001bc9   Thumb Code     2  stm32f10x_it.o(i.BusFault_Handler)
    CMDBuf_Deal                              0x08001bcd   Thumb Code    94  mqtt.o(i.CMDBuf_Deal)
    COFF                                     0x08001c39   Thumb Code   176  one.o(i.COFF)
    CON                                      0x08001cf1   Thumb Code   172  one.o(i.CON)
    CONE                                     0x08001da5   Thumb Code   174  one.o(i.CONE)
    CTHREE                                   0x08001e5d   Thumb Code   170  one.o(i.CTHREE)
    CTWO                                     0x08001f11   Thumb Code   176  one.o(i.CTWO)
    DebugMon_Handler                         0x08001fc9   Thumb Code     2  stm32f10x_it.o(i.DebugMon_Handler)
    Encoder_Init_TIM2                        0x08001fcd   Thumb Code   154  encoder.o(i.Encoder_Init_TIM2)
    GPIO_Init                                0x0800206d   Thumb Code   278  stm32f10x_gpio.o(i.GPIO_Init)
    GPIO_ResetBits                           0x08002183   Thumb Code     4  stm32f10x_gpio.o(i.GPIO_ResetBits)
    GPIO_SetBits                             0x08002187   Thumb Code     4  stm32f10x_gpio.o(i.GPIO_SetBits)
    GPIO_WriteBit                            0x0800218b   Thumb Code    10  stm32f10x_gpio.o(i.GPIO_WriteBit)
    HardFault_Handler                        0x08002195   Thumb Code     2  stm32f10x_it.o(i.HardFault_Handler)
    IoT_parameter_init                       0x08002199   Thumb Code   150  mqtt.o(i.IoT_parameter_init)
    MQTT_Buff_Init                           0x080022ad   Thumb Code    82  mqtt.o(i.MQTT_Buff_Init)
    MQTT_ConectPack                          0x08002345   Thumb Code   496  mqtt.o(i.MQTT_ConectPack)
    MQTT_DealPushdata_Qs0                    0x0800255d   Thumb Code   234  mqtt.o(i.MQTT_DealPushdata_Qs0)
    MQTT_PingREQ                             0x08002665   Thumb Code    22  mqtt.o(i.MQTT_PingREQ)
    MQTT_PublishQs0                          0x08002681   Thumb Code   220  mqtt.o(i.MQTT_PublishQs0)
    MQTT_Subscribe                           0x0800276d   Thumb Code   134  mqtt.o(i.MQTT_Subscribe)
    MemManage_Handler                        0x08002805   Thumb Code     2  stm32f10x_it.o(i.MemManage_Handler)
    MiniBalance_Motor_Init                   0x08002809   Thumb Code    40  motor.o(i.MiniBalance_Motor_Init)
    MiniBalance_PWM_Init                     0x08002835   Thumb Code   148  motor.o(i.MiniBalance_PWM_Init)
    NMI_Handler                              0x080028d1   Thumb Code     2  stm32f10x_it.o(i.NMI_Handler)
    NVIC_Init                                0x080028d5   Thumb Code   100  misc.o(i.NVIC_Init)
    NVIC_PriorityGroupConfig                 0x08002945   Thumb Code    10  misc.o(i.NVIC_PriorityGroupConfig)
    Position_PID1                            0x08002959   Thumb Code   148  pid.o(i.Position_PID1)
    RCC_APB1PeriphClockCmd                   0x08002a0d   Thumb Code    26  stm32f10x_rcc.o(i.RCC_APB1PeriphClockCmd)
    RCC_APB1PeriphResetCmd                   0x08002a2d   Thumb Code    26  stm32f10x_rcc.o(i.RCC_APB1PeriphResetCmd)
    RCC_APB2PeriphClockCmd                   0x08002a4d   Thumb Code    26  stm32f10x_rcc.o(i.RCC_APB2PeriphClockCmd)
    RCC_APB2PeriphResetCmd                   0x08002a6d   Thumb Code    26  stm32f10x_rcc.o(i.RCC_APB2PeriphResetCmd)
    RCC_GetClocksFreq                        0x08002a8d   Thumb Code   192  stm32f10x_rcc.o(i.RCC_GetClocksFreq)
    SysTick_CLKSourceConfig                  0x08002c49   Thumb Code    40  misc.o(i.SysTick_CLKSourceConfig)
    SysTick_Handler                          0x08002c71   Thumb Code    16  stm32f10x_it.o(i.SysTick_Handler)
    SystemInit                               0x08002c81   Thumb Code    78  system_stm32f10x.o(i.SystemInit)
    TIM1_Int_Init                            0x08002f21   Thumb Code    90  timer.o(i.TIM1_Int_Init)
    TIM2_IRQHandler                          0x08002f81   Thumb Code    24  encoder.o(i.TIM2_IRQHandler)
    TIM3_ENABLE_2S                           0x08002f99   Thumb Code   108  timer3.o(i.TIM3_ENABLE_2S)
    TIM3_ENABLE_30S                          0x08003009   Thumb Code   108  timer3.o(i.TIM3_ENABLE_30S)
    TIM3_IRQHandler                          0x08003079   Thumb Code   108  stm32f10x_it.o(i.TIM3_IRQHandler)
    TIM4_IRQHandler                          0x080030f9   Thumb Code   120  stm32f10x_it.o(i.TIM4_IRQHandler)
    TIM_ARRPreloadConfig                     0x0800318d   Thumb Code    24  stm32f10x_tim.o(i.TIM_ARRPreloadConfig)
    TIM_ClearFlag                            0x080031a5   Thumb Code     6  stm32f10x_tim.o(i.TIM_ClearFlag)
    TIM_ClearITPendingBit                    0x080031ab   Thumb Code     6  stm32f10x_tim.o(i.TIM_ClearITPendingBit)
    TIM_Cmd                                  0x080031b1   Thumb Code    24  stm32f10x_tim.o(i.TIM_Cmd)
    TIM_CtrlPWMOutputs                       0x080031c9   Thumb Code    30  stm32f10x_tim.o(i.TIM_CtrlPWMOutputs)
    TIM_DeInit                               0x080031e9   Thumb Code   424  stm32f10x_tim.o(i.TIM_DeInit)
    TIM_EncoderInterfaceConfig               0x080033d1   Thumb Code    66  stm32f10x_tim.o(i.TIM_EncoderInterfaceConfig)
    TIM_GetITStatus                          0x08003413   Thumb Code    34  stm32f10x_tim.o(i.TIM_GetITStatus)
    TIM_ICInit                               0x08003435   Thumb Code   150  stm32f10x_tim.o(i.TIM_ICInit)
    TIM_ICStructInit                         0x080034e1   Thumb Code    18  stm32f10x_tim.o(i.TIM_ICStructInit)
    TIM_ITConfig                             0x080034f3   Thumb Code    18  stm32f10x_tim.o(i.TIM_ITConfig)
    TIM_OC1Init                              0x08003505   Thumb Code   132  stm32f10x_tim.o(i.TIM_OC1Init)
    TIM_OC1PreloadConfig                     0x0800359d   Thumb Code    18  stm32f10x_tim.o(i.TIM_OC1PreloadConfig)
    TIM_SetCounter                           0x080035af   Thumb Code     4  stm32f10x_tim.o(i.TIM_SetCounter)
    TIM_SetIC1Prescaler                      0x080035b3   Thumb Code    18  stm32f10x_tim.o(i.TIM_SetIC1Prescaler)
    TIM_SetIC2Prescaler                      0x080035c5   Thumb Code    26  stm32f10x_tim.o(i.TIM_SetIC2Prescaler)
    TIM_SetIC3Prescaler                      0x080035df   Thumb Code    18  stm32f10x_tim.o(i.TIM_SetIC3Prescaler)
    TIM_SetIC4Prescaler                      0x080035f1   Thumb Code    26  stm32f10x_tim.o(i.TIM_SetIC4Prescaler)
    TIM_TimeBaseInit                         0x0800360d   Thumb Code   122  stm32f10x_tim.o(i.TIM_TimeBaseInit)
    TIM_TimeBaseStructInit                   0x080036b1   Thumb Code    18  stm32f10x_tim.o(i.TIM_TimeBaseStructInit)
    TxDataBuf_Deal                           0x080036c5   Thumb Code    84  mqtt.o(i.TxDataBuf_Deal)
    USART2_IRQHandler                        0x08003725   Thumb Code   112  stm32f10x_it.o(i.USART2_IRQHandler)
    USART3_IRQHandler                        0x080037a9   Thumb Code   134  usart3.o(i.USART3_IRQHandler)
    USART_ClearFlag                          0x08003841   Thumb Code    18  stm32f10x_usart.o(i.USART_ClearFlag)
    USART_ClearITPendingBit                  0x08003853   Thumb Code    30  stm32f10x_usart.o(i.USART_ClearITPendingBit)
    USART_Cmd                                0x08003871   Thumb Code    24  stm32f10x_usart.o(i.USART_Cmd)
    USART_DeInit                             0x08003889   Thumb Code   134  stm32f10x_usart.o(i.USART_DeInit)
    USART_GetITStatus                        0x08003925   Thumb Code    84  stm32f10x_usart.o(i.USART_GetITStatus)
    USART_ITConfig                           0x08003979   Thumb Code    74  stm32f10x_usart.o(i.USART_ITConfig)
    USART_Init                               0x080039c5   Thumb Code   210  stm32f10x_usart.o(i.USART_Init)
    USART_ReceiveData                        0x08003a9d   Thumb Code    10  stm32f10x_usart.o(i.USART_ReceiveData)
    UsageFault_Handler                       0x08003aa7   Thumb Code     2  stm32f10x_it.o(i.UsageFault_Handler)
    WiFi_Connect_IoTServer                   0x08003aa9   Thumb Code   224  wifi.o(i.WiFi_Connect_IoTServer)
    WiFi_Connect_Server                      0x08003d8d   Thumb Code   190  wifi.o(i.WiFi_Connect_Server)
    WiFi_JoinAP                              0x08003ee1   Thumb Code    88  wifi.o(i.WiFi_JoinAP)
    WiFi_Reset                               0x08003f7d   Thumb Code    88  wifi.o(i.WiFi_Reset)
    WiFi_SendCmd                             0x08003fed   Thumb Code    86  wifi.o(i.WiFi_SendCmd)
    __ARM_fpclassify                         0x08004061   Thumb Code    40  fpclassify.o(i.__ARM_fpclassify)
    _is_digit                                0x08004089   Thumb Code    14  __printf_wp.o(i._is_digit)
    _sys_exit                                0x08004097   Thumb Code     4  usart1.o(i._sys_exit)
    absolute_value                           0x0800409b   Thumb Code    14  motor.o(i.absolute_value)
    delay_init                               0x080040a9   Thumb Code    70  delay.o(i.delay_init)
    delay_ms                                 0x08004101   Thumb Code    60  delay.o(i.delay_ms)
    delay_us                                 0x08004141   Thumb Code    68  delay.o(i.delay_us)
    fputc                                    0x08004189   Thumb Code    24  usart1.o(i.fputc)
    led1_off                                 0x080041a5   Thumb Code    14  led.o(i.led1_off)
    led1_on                                  0x080041b9   Thumb Code    14  led.o(i.led1_on)
    led_init                                 0x080041cd   Thumb Code    50  led.o(i.led_init)
    main                                     0x08004205   Thumb Code   112  main.o(i.main)
    mqtt_buffer_rx_tx_task                   0x0800428d   Thumb Code   452  main.o(i.mqtt_buffer_rx_tx_task)
    my_mqtt_buffer_cmd_task                  0x080045f9   Thumb Code   328  main.o(i.my_mqtt_buffer_cmd_task)
    my_start_task                            0x08004795   Thumb Code   140  main.o(i.my_start_task)
    pvPortMalloc                             0x0800542d   Thumb Code   262  heap_4.o(i.pvPortMalloc)
    pvTaskIncrementMutexHeldCount            0x08005581   Thumb Code    26  tasks.o(i.pvTaskIncrementMutexHeldCount)
    pwm_motor                                0x080055a1   Thumb Code   126  motor.o(i.pwm_motor)
    pxPortInitialiseStack                    0x08005639   Thumb Code    30  port.o(i.pxPortInitialiseStack)
    send_device_state                        0x0800565d   Thumb Code    36  control.o(i.send_device_state)
    tim4_init                                0x08005681   Thumb Code    98  timer4.o(i.tim4_init)
    u2_TxData                                0x080056e9   Thumb Code    58  usart2.o(i.u2_TxData)
    u2_printf                                0x08005729   Thumb Code    84  usart2.o(i.u2_printf)
    usart1_init                              0x08005785   Thumb Code   118  usart1.o(i.usart1_init)
    usart2_init                              0x08005805   Thumb Code   170  usart2.o(i.usart2_init)
    usart3_init                              0x080058b9   Thumb Code   166  usart3.o(i.usart3_init)
    uxListRemove                             0x08005969   Thumb Code    40  list.o(i.uxListRemove)
    uxTaskResetEventItemValue                0x08005991   Thumb Code    24  tasks.o(i.uxTaskResetEventItemValue)
    vEventGroupClearBitsCallback             0x080059ad   Thumb Code    16  event_groups.o(i.vEventGroupClearBitsCallback)
    vListInitialise                          0x080059bd   Thumb Code    26  list.o(i.vListInitialise)
    vListInitialiseItem                      0x080059d7   Thumb Code     6  list.o(i.vListInitialiseItem)
    vListInsert                              0x080059dd   Thumb Code    52  list.o(i.vListInsert)
    vListInsertEnd                           0x08005a11   Thumb Code    24  list.o(i.vListInsertEnd)
    vPC_Communication_Task                   0x08005a29   Thumb Code    58  main.o(i.vPC_Communication_Task)
    vPortEnterCritical                       0x08005a71   Thumb Code    68  port.o(i.vPortEnterCritical)
    vPortExitCritical                        0x08005af9   Thumb Code    48  port.o(i.vPortExitCritical)
    vPortFree                                0x08005b69   Thumb Code   120  heap_4.o(i.vPortFree)
    vPortSetupTimerInterrupt                 0x08005c21   Thumb Code    26  port.o(i.vPortSetupTimerInterrupt)
    vPortValidateInterruptPriority           0x08005c41   Thumb Code    86  port.o(i.vPortValidateInterruptPriority)
    vQueueAddToRegistry                      0x08005ce1   Thumb Code    38  queue.o(i.vQueueAddToRegistry)
    vQueueWaitForMessageRestricted           0x08005d0d   Thumb Code    74  queue.o(i.vQueueWaitForMessageRestricted)
    vTaskDelay                               0x08005d59   Thumb Code    72  tasks.o(i.vTaskDelay)
    vTaskDelete                              0x08005dcd   Thumb Code   192  tasks.o(i.vTaskDelete)
    vTaskMissedYield                         0x08005ed9   Thumb Code     8  tasks.o(i.vTaskMissedYield)
    vTaskPlaceOnEventList                    0x08005ee5   Thumb Code    42  tasks.o(i.vTaskPlaceOnEventList)
    vTaskPlaceOnEventListRestricted          0x08005f39   Thumb Code    50  tasks.o(i.vTaskPlaceOnEventListRestricted)
    vTaskPlaceOnUnorderedEventList           0x08005f95   Thumb Code    80  tasks.o(i.vTaskPlaceOnUnorderedEventList)
    vTaskPriorityInherit                     0x08006011   Thumb Code   164  tasks.o(i.vTaskPriorityInherit)
    vTaskResume                              0x080060c1   Thumb Code   118  tasks.o(i.vTaskResume)
    vTaskSetTimeOutState                     0x0800616d   Thumb Code    32  tasks.o(i.vTaskSetTimeOutState)
    vTaskStartScheduler                      0x080061b9   Thumb Code   108  tasks.o(i.vTaskStartScheduler)
    vTaskSuspend                             0x08006265   Thumb Code   186  tasks.o(i.vTaskSuspend)
    vTaskSuspendAll                          0x08006365   Thumb Code    12  tasks.o(i.vTaskSuspendAll)
    vTaskSwitchContext                       0x08006375   Thumb Code   110  tasks.o(i.vTaskSwitchContext)
    value1                                   0x0800641d   Thumb Code    14  timer.o(i.value1)
    wifi_reset_io_init                       0x0800642d   Thumb Code    48  wifi.o(i.wifi_reset_io_init)
    wifi_task                                0x08006461   Thumb Code   126  main.o(i.wifi_task)
    xEventGroupClearBits                     0x0800651d   Thumb Code    72  event_groups.o(i.xEventGroupClearBits)
    xEventGroupClearBitsFromISR              0x08006591   Thumb Code    24  event_groups.o(i.xEventGroupClearBitsFromISR)
    xEventGroupCreate                        0x080065ad   Thumb Code    26  event_groups.o(i.xEventGroupCreate)
    xEventGroupGetBitsFromISR                0x080065c7   Thumb Code    44  event_groups.o(i.xEventGroupGetBitsFromISR)
    xEventGroupSetBits                       0x080065f5   Thumb Code   186  event_groups.o(i.xEventGroupSetBits)
    xEventGroupWaitBits                      0x080066dd   Thumb Code   294  event_groups.o(i.xEventGroupWaitBits)
    xPortStartScheduler                      0x08006835   Thumb Code   140  port.o(i.xPortStartScheduler)
    xPortSysTickHandler                      0x080068d5   Thumb Code    46  port.o(i.xPortSysTickHandler)
    xQueueGenericCreate                      0x08006909   Thumb Code    78  queue.o(i.xQueueGenericCreate)
    xQueueGenericReceive                     0x0800697d   Thumb Code   416  queue.o(i.xQueueGenericReceive)
    xQueueGenericReset                       0x08006b45   Thumb Code   136  queue.o(i.xQueueGenericReset)
    xQueueGenericSend                        0x08006bf5   Thumb Code   412  queue.o(i.xQueueGenericSend)
    xQueueGenericSendFromISR                 0x08006db9   Thumb Code   234  queue.o(i.xQueueGenericSendFromISR)
    xQueueReceiveFromISR                     0x08006ec9   Thumb Code   182  queue.o(i.xQueueReceiveFromISR)
    xTaskCheckForTimeOut                     0x08006fa5   Thumb Code   116  tasks.o(i.xTaskCheckForTimeOut)
    xTaskCreate                              0x08007045   Thumb Code    96  tasks.o(i.xTaskCreate)
    xTaskGetSchedulerState                   0x080070a5   Thumb Code    24  tasks.o(i.xTaskGetSchedulerState)
    xTaskGetTickCount                        0x080070c5   Thumb Code     6  tasks.o(i.xTaskGetTickCount)
    xTaskIncrementTick                       0x080070d1   Thumb Code   272  tasks.o(i.xTaskIncrementTick)
    xTaskPriorityDisinherit                  0x08007231   Thumb Code   168  tasks.o(i.xTaskPriorityDisinherit)
    xTaskRemoveFromEventList                 0x08007309   Thumb Code   118  tasks.o(i.xTaskRemoveFromEventList)
    xTaskRemoveFromUnorderedEventList        0x080073bd   Thumb Code   134  tasks.o(i.xTaskRemoveFromUnorderedEventList)
    xTaskResumeAll                           0x0800747d   Thumb Code   214  tasks.o(i.xTaskResumeAll)
    xTaskResumeFromISR                       0x0800759d   Thumb Code   148  tasks.o(i.xTaskResumeFromISR)
    xTimerCreateTimerTask                    0x08007669   Thumb Code    56  timers.o(i.xTimerCreateTimerTask)
    xTimerGenericCommand                     0x080076dd   Thumb Code   118  timers.o(i.xTimerGenericCommand)
    xTimerPendFunctionCallFromISR            0x08007781   Thumb Code    48  timers.o(i.xTimerPendFunctionCallFromISR)
    _get_lc_numeric                          0x080077b5   Thumb Code    44  lc_numeric_c.o(locale$$code)
    _get_lc_ctype                            0x080077e1   Thumb Code    44  lc_ctype_c.o(locale$$code)
    __aeabi_fadd                             0x0800780d   Thumb Code     0  faddsub_clz.o(x$fpl$fadd)
    _fadd                                    0x0800780d   Thumb Code   196  faddsub_clz.o(x$fpl$fadd)
    __aeabi_fdiv                             0x080078d1   Thumb Code     0  fdiv.o(x$fpl$fdiv)
    _fdiv                                    0x080078d1   Thumb Code   384  fdiv.o(x$fpl$fdiv)
    __aeabi_f2uiz                            0x08007a55   Thumb Code     0  ffixu.o(x$fpl$ffixu)
    _ffixu                                   0x08007a55   Thumb Code    62  ffixu.o(x$fpl$ffixu)
    __aeabi_i2f                              0x08007a95   Thumb Code     0  fflt_clz.o(x$fpl$fflt)
    _fflt                                    0x08007a95   Thumb Code    48  fflt_clz.o(x$fpl$fflt)
    __aeabi_fmul                             0x08007ac5   Thumb Code     0  fmul.o(x$fpl$fmul)
    _fmul                                    0x08007ac5   Thumb Code   258  fmul.o(x$fpl$fmul)
    __fpl_fnaninf                            0x08007bc7   Thumb Code   140  fnaninf.o(x$fpl$fnaninf)
    __fpl_fretinf                            0x08007c53   Thumb Code    10  fretinf.o(x$fpl$fretinf)
    __aeabi_frsub                            0x08007c5d   Thumb Code     0  faddsub_clz.o(x$fpl$frsb)
    _frsb                                    0x08007c5d   Thumb Code    20  faddsub_clz.o(x$fpl$frsb)
    __aeabi_fsub                             0x08007c71   Thumb Code     0  faddsub_clz.o(x$fpl$fsub)
    _fsub                                    0x08007c71   Thumb Code   234  faddsub_clz.o(x$fpl$fsub)
    _printf_fp_dec                           0x08007d5b   Thumb Code     4  printf1.o(x$fpl$printf1)
    __I$use$fp                               0x08007d5e   Number         0  usenofp.o(x$fpl$usenofp)
    SSID                                     0x08007d60   Data           6  main.o(.constdata)
    PASS                                     0x08007d66   Data          10  main.o(.constdata)
    PRODUCTID                                0x08007d70   Data           7  main.o(.constdata)
    DEVICEID                                 0x08007d77   Data          10  main.o(.constdata)
    AUTHENTICATION                           0x08007d81   Data           7  main.o(.constdata)
    SERVER_IP                                0x08007d88   Data          14  main.o(.constdata)
    SERVER_PORT                              0x08007d98   Data           4  main.o(.constdata)
    APP_TOPIC                                0x08007d9c   Data           8  main.o(.constdata)
    LOCAL_TOPIC                              0x08007da4   Data           6  main.o(.constdata)
    WIFI_CONECT                              0x08007dac   Data           4  main.o(.constdata)
    PING_MODE                                0x08007db0   Data           4  main.o(.constdata)
    MESSAGE_DATA_TX_NUM                      0x08007db4   Data           4  main.o(.constdata)
    MESSAGE_DATA_TX_LEN                      0x08007db8   Data           4  main.o(.constdata)
    Region$$Table$$Base                      0x08007eb0   Number         0  anon$$obj.o(Region$$Table)
    Region$$Table$$Limit                     0x08007ed0   Number         0  anon$$obj.o(Region$$Table)
    __ctype                                  0x08007ef9   Data           0  lc_ctype_c.o(locale$$data)
    state                                    0x20000000   Data           5  main.o(.data)
    CMD_APP_GET_STATE                        0x20000008   Data           4  main.o(.data)
    CMD_LED1ON                               0x2000000c   Data           4  main.o(.data)
    CMD_LED1OFF                              0x20000010   Data           4  main.o(.data)
    CMD_one                                  0x20000014   Data           4  main.o(.data)
    CMD_two                                  0x20000018   Data           4  main.o(.data)
    CMD_three                                0x2000001c   Data           4  main.o(.data)
    BinarySemaphore                          0x20000020   Data           4  main.o(.data)
    Event_Handle                             0x20000024   Data           4  main.o(.data)
    Message_Queue                            0x20000028   Data           4  main.o(.data)
    StartTask_Handler                        0x2000002c   Data           4  main.o(.data)
    MQTT_Cmd_Task_Handler                    0x20000030   Data           4  main.o(.data)
    WIFI_Task_Handler                        0x20000034   Data           4  main.o(.data)
    MQTT_RxTx_Task_Handler                   0x20000038   Data           4  main.o(.data)
    vPC_Communication_Task_Handler           0x2000003c   Data           4  main.o(.data)
    xQueueRx                                 0x20000040   Data           4  main.o(.data)
    SystemCoreClock                          0x20000044   Data           4  system_stm32f10x.o(.data)
    AHBPrescTable                            0x20000048   Data          16  system_stm32f10x.o(.data)
    MQTT_RxDataInPtr                         0x2000005c   Data           4  mqtt.o(.data)
    MQTT_RxDataOutPtr                        0x20000060   Data           4  mqtt.o(.data)
    MQTT_RxDataEndPtr                        0x20000064   Data           4  mqtt.o(.data)
    MQTT_TxDataInPtr                         0x20000068   Data           4  mqtt.o(.data)
    MQTT_TxDataOutPtr                        0x2000006c   Data           4  mqtt.o(.data)
    MQTT_TxDataEndPtr                        0x20000070   Data           4  mqtt.o(.data)
    MQTT_CMDInPtr                            0x20000074   Data           4  mqtt.o(.data)
    MQTT_CMDOutPtr                           0x20000078   Data           4  mqtt.o(.data)
    MQTT_CMDEndPtr                           0x2000007c   Data           4  mqtt.o(.data)
    ClientID_len                             0x20000080   Data           4  mqtt.o(.data)
    Username_len                             0x20000084   Data           4  mqtt.o(.data)
    Passward_len                             0x20000088   Data           4  mqtt.o(.data)
    ServerPort                               0x2000008c   Data           4  mqtt.o(.data)
    Fixed_len                                0x20000090   Data           4  mqtt.o(.data)
    Variable_len                             0x20000094   Data           4  mqtt.o(.data)
    Payload_len                              0x20000098   Data           4  mqtt.o(.data)
    pingFlag                                 0x2000009c   Data           1  mqtt.o(.data)
    __stdout                                 0x200000a0   Data           4  usart1.o(.data)
    Usart2_RxCounter                         0x200000a4   Data           4  usart2.o(.data)
    USART3_RX_STA                            0x200000a8   Data           2  usart3.o(.data)
    res                                      0x200000aa   Data           1  usart3.o(.data)
    Position_KP                              0x200000ac   Data           4  pid.o(.data)
    Position_KI                              0x200000b0   Data           4  pid.o(.data)
    Position_KD                              0x200000b4   Data           4  pid.o(.data)
    mytime                                   0x200000c8   Data           4  timer.o(.data)
    bmq                                      0x200000cc   Data           4  timer.o(.data)
    v1                                       0x200000d0   Data           4  timer.o(.data)
    pwma                                     0x200000d4   Data           4  timer.o(.data)
    pxCurrentTCB                             0x200000ec   Data           4  tasks.o(.data)
    MQTT_RxDataBuf                           0x20000160   Data         480  mqtt.o(.bss)
    MQTT_TxDataBuf                           0x20000340   Data        1000  mqtt.o(.bss)
    MQTT_CMDBuf                              0x20000728   Data         480  mqtt.o(.bss)
    ClientID                                 0x20000908   Data         128  mqtt.o(.bss)
    Username                                 0x20000988   Data         128  mqtt.o(.bss)
    Passward                                 0x20000a08   Data         128  mqtt.o(.bss)
    ServerIP                                 0x20000a88   Data         128  mqtt.o(.bss)
    temp_buff                                0x20000b08   Data         100  mqtt.o(.bss)
    Usart2_RxBuff                            0x20000b70   Data         512  usart2.o(.bss)
    USART2_TxBuff                            0x20000d70   Data         512  usart2.o(.bss)
    xQueueRegistry                           0x20000f70   Data          64  queue.o(.bss)
    __libspace_start                         0x20003abc   Data          96  libspace.o(.bss)
    __temporary_stack_top$libspace           0x20003b1c   Data           0  libspace.o(.bss)



==============================================================================

Memory Map of the image

  Image Entry point : 0x08000131

  Load Region LR_IROM1 (Base: 0x08000000, Size: 0x0000815c, Max: 0x00010000, ABSOLUTE, COMPRESSED[0x00008044])

    Execution Region ER_IROM1 (Exec base: 0x08000000, Load base: 0x08000000, Size: 0x00007ffc, Max: 0x00010000, ABSOLUTE)

    Exec Addr    Load Addr    Size         Type   Attr      Idx    E Section Name        Object

    0x08000000   0x08000000   0x00000130   Data   RO          912    RESET               startup_stm32f10x_hd.o
    0x08000130   0x08000130   0x00000008   Code   RO         4959  * !!!main             c_w.l(__main.o)
    0x08000138   0x08000138   0x00000034   Code   RO         5256    !!!scatter          c_w.l(__scatter.o)
    0x0800016c   0x0800016c   0x0000005a   Code   RO         5254    !!dczerorl2         c_w.l(__dczerorl2.o)
    0x080001c6   0x080001c6   0x00000002   PAD
    0x080001c8   0x080001c8   0x0000001c   Code   RO         5258    !!handler_zi        c_w.l(__scatter_zi.o)
    0x080001e4   0x080001e4   0x00000000   Code   RO         4940    .ARM.Collect$$_printf_percent$$00000000  c_w.l(_printf_percent.o)
    0x080001e4   0x080001e4   0x00000006   Code   RO         5017    .ARM.Collect$$_printf_percent$$00000001  c_w.l(_printf_n.o)
    0x080001ea   0x080001ea   0x00000006   Code   RO         5018    .ARM.Collect$$_printf_percent$$00000002  c_w.l(_printf_p.o)
    0x080001f0   0x080001f0   0x00000006   Code   RO         5021    .ARM.Collect$$_printf_percent$$00000003  c_w.l(_printf_f.o)
    0x080001f6   0x080001f6   0x00000006   Code   RO         5022    .ARM.Collect$$_printf_percent$$00000004  c_w.l(_printf_e.o)
    0x080001fc   0x080001fc   0x00000006   Code   RO         5023    .ARM.Collect$$_printf_percent$$00000005  c_w.l(_printf_g.o)
    0x08000202   0x08000202   0x00000006   Code   RO         5024    .ARM.Collect$$_printf_percent$$00000006  c_w.l(_printf_a.o)
    0x08000208   0x08000208   0x0000000a   Code   RO         5029    .ARM.Collect$$_printf_percent$$00000007  c_w.l(_printf_ll.o)
    0x08000212   0x08000212   0x00000006   Code   RO         5020    .ARM.Collect$$_printf_percent$$00000008  c_w.l(_printf_i.o)
    0x08000218   0x08000218   0x00000006   Code   RO         4938    .ARM.Collect$$_printf_percent$$00000009  c_w.l(_printf_d.o)
    0x0800021e   0x0800021e   0x00000006   Code   RO         4939    .ARM.Collect$$_printf_percent$$0000000A  c_w.l(_printf_u.o)
    0x08000224   0x08000224   0x00000006   Code   RO         5019    .ARM.Collect$$_printf_percent$$0000000B  c_w.l(_printf_o.o)
    0x0800022a   0x0800022a   0x00000006   Code   RO         4937    .ARM.Collect$$_printf_percent$$0000000C  c_w.l(_printf_x.o)
    0x08000230   0x08000230   0x00000006   Code   RO         5026    .ARM.Collect$$_printf_percent$$0000000D  c_w.l(_printf_lli.o)
    0x08000236   0x08000236   0x00000006   Code   RO         5027    .ARM.Collect$$_printf_percent$$0000000E  c_w.l(_printf_lld.o)
    0x0800023c   0x0800023c   0x00000006   Code   RO         5028    .ARM.Collect$$_printf_percent$$0000000F  c_w.l(_printf_llu.o)
    0x08000242   0x08000242   0x00000006   Code   RO         5033    .ARM.Collect$$_printf_percent$$00000010  c_w.l(_printf_llo.o)
    0x08000248   0x08000248   0x00000006   Code   RO         5034    .ARM.Collect$$_printf_percent$$00000011  c_w.l(_printf_llx.o)
    0x0800024e   0x0800024e   0x0000000a   Code   RO         5030    .ARM.Collect$$_printf_percent$$00000012  c_w.l(_printf_l.o)
    0x08000258   0x08000258   0x00000006   Code   RO         4935    .ARM.Collect$$_printf_percent$$00000013  c_w.l(_printf_c.o)
    0x0800025e   0x0800025e   0x00000006   Code   RO         4936    .ARM.Collect$$_printf_percent$$00000014  c_w.l(_printf_s.o)
    0x08000264   0x08000264   0x00000006   Code   RO         5031    .ARM.Collect$$_printf_percent$$00000015  c_w.l(_printf_lc.o)
    0x0800026a   0x0800026a   0x00000006   Code   RO         5032    .ARM.Collect$$_printf_percent$$00000016  c_w.l(_printf_ls.o)
    0x08000270   0x08000270   0x00000004   Code   RO         5025    .ARM.Collect$$_printf_percent$$00000017  c_w.l(_printf_percent_end.o)
    0x08000274   0x08000274   0x00000002   Code   RO         5119    .ARM.Collect$$libinit$$00000000  c_w.l(libinit.o)
    0x08000276   0x08000276   0x00000000   Code   RO         5135    .ARM.Collect$$libinit$$00000002  c_w.l(libinit2.o)
    0x08000276   0x08000276   0x00000000   Code   RO         5137    .ARM.Collect$$libinit$$00000004  c_w.l(libinit2.o)
    0x08000276   0x08000276   0x00000000   Code   RO         5140    .ARM.Collect$$libinit$$0000000A  c_w.l(libinit2.o)
    0x08000276   0x08000276   0x00000000   Code   RO         5142    .ARM.Collect$$libinit$$0000000C  c_w.l(libinit2.o)
    0x08000276   0x08000276   0x00000000   Code   RO         5144    .ARM.Collect$$libinit$$0000000E  c_w.l(libinit2.o)
    0x08000276   0x08000276   0x00000006   Code   RO         5145    .ARM.Collect$$libinit$$0000000F  c_w.l(libinit2.o)
    0x0800027c   0x0800027c   0x00000000   Code   RO         5147    .ARM.Collect$$libinit$$00000011  c_w.l(libinit2.o)
    0x0800027c   0x0800027c   0x0000000c   Code   RO         5148    .ARM.Collect$$libinit$$00000012  c_w.l(libinit2.o)
    0x08000288   0x08000288   0x00000000   Code   RO         5149    .ARM.Collect$$libinit$$00000013  c_w.l(libinit2.o)
    0x08000288   0x08000288   0x00000000   Code   RO         5151    .ARM.Collect$$libinit$$00000015  c_w.l(libinit2.o)
    0x08000288   0x08000288   0x0000000a   Code   RO         5152    .ARM.Collect$$libinit$$00000016  c_w.l(libinit2.o)
    0x08000292   0x08000292   0x00000000   Code   RO         5153    .ARM.Collect$$libinit$$00000017  c_w.l(libinit2.o)
    0x08000292   0x08000292   0x00000000   Code   RO         5155    .ARM.Collect$$libinit$$00000019  c_w.l(libinit2.o)
    0x08000292   0x08000292   0x00000000   Code   RO         5157    .ARM.Collect$$libinit$$0000001B  c_w.l(libinit2.o)
    0x08000292   0x08000292   0x00000000   Code   RO         5159    .ARM.Collect$$libinit$$0000001D  c_w.l(libinit2.o)
    0x08000292   0x08000292   0x00000000   Code   RO         5161    .ARM.Collect$$libinit$$0000001F  c_w.l(libinit2.o)
    0x08000292   0x08000292   0x00000000   Code   RO         5163    .ARM.Collect$$libinit$$00000021  c_w.l(libinit2.o)
    0x08000292   0x08000292   0x00000000   Code   RO         5165    .ARM.Collect$$libinit$$00000023  c_w.l(libinit2.o)
    0x08000292   0x08000292   0x00000000   Code   RO         5167    .ARM.Collect$$libinit$$00000025  c_w.l(libinit2.o)
    0x08000292   0x08000292   0x00000000   Code   RO         5171    .ARM.Collect$$libinit$$0000002C  c_w.l(libinit2.o)
    0x08000292   0x08000292   0x00000000   Code   RO         5173    .ARM.Collect$$libinit$$0000002E  c_w.l(libinit2.o)
    0x08000292   0x08000292   0x00000000   Code   RO         5175    .ARM.Collect$$libinit$$00000030  c_w.l(libinit2.o)
    0x08000292   0x08000292   0x00000000   Code   RO         5177    .ARM.Collect$$libinit$$00000032  c_w.l(libinit2.o)
    0x08000292   0x08000292   0x00000002   Code   RO         5178    .ARM.Collect$$libinit$$00000033  c_w.l(libinit2.o)
    0x08000294   0x08000294   0x00000002   Code   RO         5196    .ARM.Collect$$libshutdown$$00000000  c_w.l(libshutdown.o)
    0x08000296   0x08000296   0x00000000   Code   RO         5206    .ARM.Collect$$libshutdown$$00000002  c_w.l(libshutdown2.o)
    0x08000296   0x08000296   0x00000000   Code   RO         5208    .ARM.Collect$$libshutdown$$00000004  c_w.l(libshutdown2.o)
    0x08000296   0x08000296   0x00000000   Code   RO         5211    .ARM.Collect$$libshutdown$$00000007  c_w.l(libshutdown2.o)
    0x08000296   0x08000296   0x00000000   Code   RO         5214    .ARM.Collect$$libshutdown$$0000000A  c_w.l(libshutdown2.o)
    0x08000296   0x08000296   0x00000000   Code   RO         5216    .ARM.Collect$$libshutdown$$0000000C  c_w.l(libshutdown2.o)
    0x08000296   0x08000296   0x00000000   Code   RO         5219    .ARM.Collect$$libshutdown$$0000000F  c_w.l(libshutdown2.o)
    0x08000296   0x08000296   0x00000002   Code   RO         5220    .ARM.Collect$$libshutdown$$00000010  c_w.l(libshutdown2.o)
    0x08000298   0x08000298   0x00000000   Code   RO         4989    .ARM.Collect$$rtentry$$00000000  c_w.l(__rtentry.o)
    0x08000298   0x08000298   0x00000000   Code   RO         5045    .ARM.Collect$$rtentry$$00000002  c_w.l(__rtentry2.o)
    0x08000298   0x08000298   0x00000006   Code   RO         5057    .ARM.Collect$$rtentry$$00000004  c_w.l(__rtentry4.o)
    0x0800029e   0x0800029e   0x00000000   Code   RO         5047    .ARM.Collect$$rtentry$$00000009  c_w.l(__rtentry2.o)
    0x0800029e   0x0800029e   0x00000004   Code   RO         5048    .ARM.Collect$$rtentry$$0000000A  c_w.l(__rtentry2.o)
    0x080002a2   0x080002a2   0x00000000   Code   RO         5050    .ARM.Collect$$rtentry$$0000000C  c_w.l(__rtentry2.o)
    0x080002a2   0x080002a2   0x00000008   Code   RO         5051    .ARM.Collect$$rtentry$$0000000D  c_w.l(__rtentry2.o)
    0x080002aa   0x080002aa   0x00000002   Code   RO         5127    .ARM.Collect$$rtexit$$00000000  c_w.l(rtexit.o)
    0x080002ac   0x080002ac   0x00000000   Code   RO         5180    .ARM.Collect$$rtexit$$00000002  c_w.l(rtexit2.o)
    0x080002ac   0x080002ac   0x00000004   Code   RO         5181    .ARM.Collect$$rtexit$$00000003  c_w.l(rtexit2.o)
    0x080002b0   0x080002b0   0x00000006   Code   RO         5182    .ARM.Collect$$rtexit$$00000004  c_w.l(rtexit2.o)
    0x080002b6   0x080002b6   0x00000002   PAD
    0x080002b8   0x080002b8   0x00000096   Code   RO         4797    .emb_text           port.o
    0x0800034e   0x0800034e   0x00000002   PAD
    0x08000350   0x08000350   0x00000040   Code   RO          913    .text               startup_stm32f10x_hd.o
    0x08000390   0x08000390   0x00000002   Code   RO         4876    .text               c_w.l(use_no_semi_2.o)
    0x08000392   0x08000392   0x00000002   PAD
    0x08000394   0x08000394   0x00000024   Code   RO         4878    .text               c_w.l(c89vsprintf.o)
    0x080003b8   0x080003b8   0x00000018   Code   RO         4880    .text               c_w.l(__2printf.o)
    0x080003d0   0x080003d0   0x0000002c   Code   RO         4882    .text               c_w.l(__2sprintf.o)
    0x080003fc   0x080003fc   0x00000052   Code   RO         4890    .text               c_w.l(_printf_str.o)
    0x0800044e   0x0800044e   0x00000002   PAD
    0x08000450   0x08000450   0x00000078   Code   RO         4892    .text               c_w.l(_printf_dec.o)
    0x080004c8   0x080004c8   0x00000094   Code   RO         4912    .text               c_w.l(_printf_hex_int_ll_ptr.o)
    0x0800055c   0x0800055c   0x00000188   Code   RO         4932    .text               c_w.l(__printf_flags_ss_wp.o)
    0x080006e4   0x080006e4   0x00000024   Code   RO         4941    .text               c_w.l(strstr.o)
    0x08000708   0x08000708   0x00000058   Code   RO         4943    .text               c_w.l(memcmp.o)
    0x08000760   0x08000760   0x0000003e   Code   RO         4947    .text               c_w.l(strlen.o)
    0x0800079e   0x0800079e   0x0000008a   Code   RO         4949    .text               c_w.l(rt_memcpy_v6.o)
    0x08000828   0x08000828   0x00000010   Code   RO         4951    .text               c_w.l(aeabi_memset.o)
    0x08000838   0x08000838   0x00000044   Code   RO         4953    .text               c_w.l(rt_memclr.o)
    0x0800087c   0x0800087c   0x0000004e   Code   RO         4955    .text               c_w.l(rt_memclr_w.o)
    0x080008ca   0x080008ca   0x00000006   Code   RO         4957    .text               c_w.l(heapauxi.o)
    0x080008d0   0x080008d0   0x00000002   Code   RO         4987    .text               c_w.l(use_no_semi.o)
    0x080008d2   0x080008d2   0x0000004e   Code   RO         4990    .text               c_w.l(_printf_pad.o)
    0x08000920   0x08000920   0x00000024   Code   RO         4992    .text               c_w.l(_printf_truncate.o)
    0x08000944   0x08000944   0x000000b2   Code   RO         4994    .text               c_w.l(_printf_intcommon.o)
    0x080009f6   0x080009f6   0x00000028   Code   RO         4996    .text               c_w.l(_printf_charcount.o)
    0x08000a1e   0x08000a1e   0x00000002   PAD
    0x08000a20   0x08000a20   0x00000030   Code   RO         4998    .text               c_w.l(_printf_char_common.o)
    0x08000a50   0x08000a50   0x0000000a   Code   RO         5000    .text               c_w.l(_sputc.o)
    0x08000a5a   0x08000a5a   0x0000002c   Code   RO         5002    .text               c_w.l(_printf_char.o)
    0x08000a86   0x08000a86   0x00000002   PAD
    0x08000a88   0x08000a88   0x00000024   Code   RO         5004    .text               c_w.l(_printf_char_file.o)
    0x08000aac   0x08000aac   0x000000bc   Code   RO         5006    .text               c_w.l(_printf_wctomb.o)
    0x08000b68   0x08000b68   0x0000007c   Code   RO         5009    .text               c_w.l(_printf_longlong_dec.o)
    0x08000be4   0x08000be4   0x00000070   Code   RO         5015    .text               c_w.l(_printf_oct_int_ll.o)
    0x08000c54   0x08000c54   0x00000064   Code   RO         5035    .text               c_w.l(rt_memcpy_w.o)
    0x08000cb8   0x08000cb8   0x0000008a   Code   RO         5059    .text               c_w.l(lludiv10.o)
    0x08000d42   0x08000d42   0x0000041e   Code   RO         5061    .text               c_w.l(_printf_fp_dec.o)
    0x08001160   0x08001160   0x0000002c   Code   RO         5065    .text               c_w.l(_printf_wchar.o)
    0x0800118c   0x0800118c   0x00000008   Code   RO         5067    .text               c_w.l(ferror.o)
    0x08001194   0x08001194   0x00000040   Code   RO         5071    .text               c_w.l(_wcrtomb.o)
    0x080011d4   0x080011d4   0x0000004a   Code   RO         5073    .text               c_w.l(sys_stackheap_outer.o)
    0x0800121e   0x0800121e   0x00000002   PAD
    0x08001220   0x08001220   0x00000010   Code   RO         5075    .text               c_w.l(rt_ctype_table.o)
    0x08001230   0x08001230   0x00000008   Code   RO         5080    .text               c_w.l(rt_locale_intlibspace.o)
    0x08001238   0x08001238   0x00000080   Code   RO         5082    .text               c_w.l(_printf_fp_infnan.o)
    0x080012b8   0x080012b8   0x000000e4   Code   RO         5084    .text               c_w.l(bigflt0.o)
    0x0800139c   0x0800139c   0x00000012   Code   RO         5112    .text               c_w.l(exit.o)
    0x080013ae   0x080013ae   0x00000002   PAD
    0x080013b0   0x080013b0   0x00000008   Code   RO         5124    .text               c_w.l(libspace.o)
    0x080013b8   0x080013b8   0x00000080   Code   RO         5132    .text               c_w.l(strcmpv7m.o)
    0x08001438   0x08001438   0x0000003e   Code   RO         5087    CL$$btod_d2e        c_w.l(btod.o)
    0x08001476   0x08001476   0x00000046   Code   RO         5089    CL$$btod_d2e_denorm_low  c_w.l(btod.o)
    0x080014bc   0x080014bc   0x00000060   Code   RO         5088    CL$$btod_d2e_norm_op1  c_w.l(btod.o)
    0x0800151c   0x0800151c   0x00000338   Code   RO         5097    CL$$btod_div_common  c_w.l(btod.o)
    0x08001854   0x08001854   0x000000dc   Code   RO         5094    CL$$btod_e2e        c_w.l(btod.o)
    0x08001930   0x08001930   0x0000002a   Code   RO         5091    CL$$btod_ediv       c_w.l(btod.o)
    0x0800195a   0x0800195a   0x0000002a   Code   RO         5090    CL$$btod_emul       c_w.l(btod.o)
    0x08001984   0x08001984   0x00000244   Code   RO         5096    CL$$btod_mult_common  c_w.l(btod.o)
    0x08001bc8   0x08001bc8   0x00000002   Code   RO          508    i.BusFault_Handler  stm32f10x_it.o
    0x08001bca   0x08001bca   0x00000002   PAD
    0x08001bcc   0x08001bcc   0x0000006c   Code   RO          429    i.CMDBuf_Deal       mqtt.o
    0x08001c38   0x08001c38   0x000000b8   Code   RO          859    i.COFF              one.o
    0x08001cf0   0x08001cf0   0x000000b4   Code   RO          860    i.CON               one.o
    0x08001da4   0x08001da4   0x000000b8   Code   RO          861    i.CONE              one.o
    0x08001e5c   0x08001e5c   0x000000b4   Code   RO          862    i.CTHREE            one.o
    0x08001f10   0x08001f10   0x000000b8   Code   RO          863    i.CTWO              one.o
    0x08001fc8   0x08001fc8   0x00000002   Code   RO          509    i.DebugMon_Handler  stm32f10x_it.o
    0x08001fca   0x08001fca   0x00000002   PAD
    0x08001fcc   0x08001fcc   0x000000a0   Code   RO          759    i.Encoder_Init_TIM2  encoder.o
    0x0800206c   0x0800206c   0x00000116   Code   RO         2068    i.GPIO_Init         stm32f10x_gpio.o
    0x08002182   0x08002182   0x00000004   Code   RO         2075    i.GPIO_ResetBits    stm32f10x_gpio.o
    0x08002186   0x08002186   0x00000004   Code   RO         2076    i.GPIO_SetBits      stm32f10x_gpio.o
    0x0800218a   0x0800218a   0x0000000a   Code   RO         2079    i.GPIO_WriteBit     stm32f10x_gpio.o
    0x08002194   0x08002194   0x00000002   Code   RO          510    i.HardFault_Handler  stm32f10x_it.o
    0x08002196   0x08002196   0x00000002   PAD
    0x08002198   0x08002198   0x00000114   Code   RO          430    i.IoT_parameter_init  mqtt.o
    0x080022ac   0x080022ac   0x00000098   Code   RO          431    i.MQTT_Buff_Init    mqtt.o
    0x08002344   0x08002344   0x00000218   Code   RO          432    i.MQTT_ConectPack   mqtt.o
    0x0800255c   0x0800255c   0x00000108   Code   RO          433    i.MQTT_DealPushdata_Qs0  mqtt.o
    0x08002664   0x08002664   0x0000001c   Code   RO          434    i.MQTT_PingREQ      mqtt.o
    0x08002680   0x08002680   0x000000ec   Code   RO          435    i.MQTT_PublishQs0   mqtt.o
    0x0800276c   0x0800276c   0x00000098   Code   RO          436    i.MQTT_Subscribe    mqtt.o
    0x08002804   0x08002804   0x00000002   Code   RO          511    i.MemManage_Handler  stm32f10x_it.o
    0x08002806   0x08002806   0x00000002   PAD
    0x08002808   0x08002808   0x0000002c   Code   RO          798    i.MiniBalance_Motor_Init  motor.o
    0x08002834   0x08002834   0x0000009c   Code   RO          799    i.MiniBalance_PWM_Init  motor.o
    0x080028d0   0x080028d0   0x00000002   Code   RO          512    i.NMI_Handler       stm32f10x_it.o
    0x080028d2   0x080028d2   0x00000002   PAD
    0x080028d4   0x080028d4   0x00000070   Code   RO          917    i.NVIC_Init         misc.o
    0x08002944   0x08002944   0x00000014   Code   RO          918    i.NVIC_PriorityGroupConfig  misc.o
    0x08002958   0x08002958   0x000000b4   Code   RO          783    i.Position_PID1     pid.o
    0x08002a0c   0x08002a0c   0x00000020   Code   RO         2484    i.RCC_APB1PeriphClockCmd  stm32f10x_rcc.o
    0x08002a2c   0x08002a2c   0x00000020   Code   RO         2485    i.RCC_APB1PeriphResetCmd  stm32f10x_rcc.o
    0x08002a4c   0x08002a4c   0x00000020   Code   RO         2486    i.RCC_APB2PeriphClockCmd  stm32f10x_rcc.o
    0x08002a6c   0x08002a6c   0x00000020   Code   RO         2487    i.RCC_APB2PeriphResetCmd  stm32f10x_rcc.o
    0x08002a8c   0x08002a8c   0x000000d4   Code   RO         2494    i.RCC_GetClocksFreq  stm32f10x_rcc.o
    0x08002b60   0x08002b60   0x00000008   Code   RO          244    i.SetSysClock       system_stm32f10x.o
    0x08002b68   0x08002b68   0x000000e0   Code   RO          245    i.SetSysClockTo72   system_stm32f10x.o
    0x08002c48   0x08002c48   0x00000028   Code   RO          921    i.SysTick_CLKSourceConfig  misc.o
    0x08002c70   0x08002c70   0x00000010   Code   RO          513    i.SysTick_Handler   stm32f10x_it.o
    0x08002c80   0x08002c80   0x00000060   Code   RO          247    i.SystemInit        system_stm32f10x.o
    0x08002ce0   0x08002ce0   0x00000080   Code   RO         3102    i.TI1_Config        stm32f10x_tim.o
    0x08002d60   0x08002d60   0x00000098   Code   RO         3103    i.TI2_Config        stm32f10x_tim.o
    0x08002df8   0x08002df8   0x00000090   Code   RO         3104    i.TI3_Config        stm32f10x_tim.o
    0x08002e88   0x08002e88   0x00000098   Code   RO         3105    i.TI4_Config        stm32f10x_tim.o
    0x08002f20   0x08002f20   0x00000060   Code   RO          829    i.TIM1_Int_Init     timer.o
    0x08002f80   0x08002f80   0x00000018   Code   RO          761    i.TIM2_IRQHandler   encoder.o
    0x08002f98   0x08002f98   0x00000070   Code   RO          578    i.TIM3_ENABLE_2S    timer3.o
    0x08003008   0x08003008   0x00000070   Code   RO          579    i.TIM3_ENABLE_30S   timer3.o
    0x08003078   0x08003078   0x00000080   Code   RO          514    i.TIM3_IRQHandler   stm32f10x_it.o
    0x080030f8   0x080030f8   0x00000094   Code   RO          515    i.TIM4_IRQHandler   stm32f10x_it.o
    0x0800318c   0x0800318c   0x00000018   Code   RO         3106    i.TIM_ARRPreloadConfig  stm32f10x_tim.o
    0x080031a4   0x080031a4   0x00000006   Code   RO         3112    i.TIM_ClearFlag     stm32f10x_tim.o
    0x080031aa   0x080031aa   0x00000006   Code   RO         3113    i.TIM_ClearITPendingBit  stm32f10x_tim.o
    0x080031b0   0x080031b0   0x00000018   Code   RO         3118    i.TIM_Cmd           stm32f10x_tim.o
    0x080031c8   0x080031c8   0x0000001e   Code   RO         3120    i.TIM_CtrlPWMOutputs  stm32f10x_tim.o
    0x080031e6   0x080031e6   0x00000002   PAD
    0x080031e8   0x080031e8   0x000001e8   Code   RO         3123    i.TIM_DeInit        stm32f10x_tim.o
    0x080033d0   0x080033d0   0x00000042   Code   RO         3127    i.TIM_EncoderInterfaceConfig  stm32f10x_tim.o
    0x08003412   0x08003412   0x00000022   Code   RO         3139    i.TIM_GetITStatus   stm32f10x_tim.o
    0x08003434   0x08003434   0x000000ac   Code   RO         3141    i.TIM_ICInit        stm32f10x_tim.o
    0x080034e0   0x080034e0   0x00000012   Code   RO         3142    i.TIM_ICStructInit  stm32f10x_tim.o
    0x080034f2   0x080034f2   0x00000012   Code   RO         3143    i.TIM_ITConfig      stm32f10x_tim.o
    0x08003504   0x08003504   0x00000098   Code   RO         3147    i.TIM_OC1Init       stm32f10x_tim.o
    0x0800359c   0x0800359c   0x00000012   Code   RO         3150    i.TIM_OC1PreloadConfig  stm32f10x_tim.o
    0x080035ae   0x080035ae   0x00000004   Code   RO         3183    i.TIM_SetCounter    stm32f10x_tim.o
    0x080035b2   0x080035b2   0x00000012   Code   RO         3184    i.TIM_SetIC1Prescaler  stm32f10x_tim.o
    0x080035c4   0x080035c4   0x0000001a   Code   RO         3185    i.TIM_SetIC2Prescaler  stm32f10x_tim.o
    0x080035de   0x080035de   0x00000012   Code   RO         3186    i.TIM_SetIC3Prescaler  stm32f10x_tim.o
    0x080035f0   0x080035f0   0x0000001a   Code   RO         3187    i.TIM_SetIC4Prescaler  stm32f10x_tim.o
    0x0800360a   0x0800360a   0x00000002   PAD
    0x0800360c   0x0800360c   0x000000a4   Code   RO         3189    i.TIM_TimeBaseInit  stm32f10x_tim.o
    0x080036b0   0x080036b0   0x00000012   Code   RO         3190    i.TIM_TimeBaseStructInit  stm32f10x_tim.o
    0x080036c2   0x080036c2   0x00000002   PAD
    0x080036c4   0x080036c4   0x00000060   Code   RO          437    i.TxDataBuf_Deal    mqtt.o
    0x08003724   0x08003724   0x00000084   Code   RO          516    i.USART2_IRQHandler  stm32f10x_it.o
    0x080037a8   0x080037a8   0x00000098   Code   RO          738    i.USART3_IRQHandler  usart3.o
    0x08003840   0x08003840   0x00000012   Code   RO         3650    i.USART_ClearFlag   stm32f10x_usart.o
    0x08003852   0x08003852   0x0000001e   Code   RO         3651    i.USART_ClearITPendingBit  stm32f10x_usart.o
    0x08003870   0x08003870   0x00000018   Code   RO         3654    i.USART_Cmd         stm32f10x_usart.o
    0x08003888   0x08003888   0x0000009c   Code   RO         3656    i.USART_DeInit      stm32f10x_usart.o
    0x08003924   0x08003924   0x00000054   Code   RO         3658    i.USART_GetITStatus  stm32f10x_usart.o
    0x08003978   0x08003978   0x0000004a   Code   RO         3660    i.USART_ITConfig    stm32f10x_usart.o
    0x080039c2   0x080039c2   0x00000002   PAD
    0x080039c4   0x080039c4   0x000000d8   Code   RO         3661    i.USART_Init        stm32f10x_usart.o
    0x08003a9c   0x08003a9c   0x0000000a   Code   RO         3668    i.USART_ReceiveData  stm32f10x_usart.o
    0x08003aa6   0x08003aa6   0x00000002   Code   RO          517    i.UsageFault_Handler  stm32f10x_it.o
    0x08003aa8   0x08003aa8   0x000002e4   Code   RO          680    i.WiFi_Connect_IoTServer  wifi.o
    0x08003d8c   0x08003d8c   0x00000154   Code   RO          681    i.WiFi_Connect_Server  wifi.o
    0x08003ee0   0x08003ee0   0x0000009c   Code   RO          682    i.WiFi_JoinAP       wifi.o
    0x08003f7c   0x08003f7c   0x00000070   Code   RO          683    i.WiFi_Reset        wifi.o
    0x08003fec   0x08003fec   0x00000074   Code   RO          684    i.WiFi_SendCmd      wifi.o
    0x08004060   0x08004060   0x00000028   Code   RO         5122    i.__ARM_fpclassify  m_ws.l(fpclassify.o)
    0x08004088   0x08004088   0x0000000e   Code   RO         4925    i._is_digit         c_w.l(__printf_wp.o)
    0x08004096   0x08004096   0x00000004   Code   RO          611    i._sys_exit         usart1.o
    0x0800409a   0x0800409a   0x0000000e   Code   RO          800    i.absolute_value    motor.o
    0x080040a8   0x080040a8   0x00000058   Code   RO          354    i.delay_init        delay.o
    0x08004100   0x08004100   0x00000040   Code   RO          355    i.delay_ms          delay.o
    0x08004140   0x08004140   0x00000048   Code   RO          356    i.delay_us          delay.o
    0x08004188   0x08004188   0x0000001c   Code   RO          612    i.fputc             usart1.o
    0x080041a4   0x080041a4   0x00000014   Code   RO          399    i.led1_off          led.o
    0x080041b8   0x080041b8   0x00000014   Code   RO          400    i.led1_on           led.o
    0x080041cc   0x080041cc   0x00000038   Code   RO          402    i.led_init          led.o
    0x08004204   0x08004204   0x00000088   Code   RO            1    i.main              main.o
    0x0800428c   0x0800428c   0x0000036c   Code   RO            2    i.mqtt_buffer_rx_tx_task  main.o
    0x080045f8   0x080045f8   0x0000019c   Code   RO            3    i.my_mqtt_buffer_cmd_task  main.o
    0x08004794   0x08004794   0x00000110   Code   RO            4    i.my_start_task     main.o
    0x080048a4   0x080048a4   0x00000098   Code   RO         4258    i.prvAddCurrentTaskToDelayedList  tasks.o
    0x0800493c   0x0800493c   0x000000b8   Code   RO         4259    i.prvAddNewTaskToReadyList  tasks.o
    0x080049f4   0x080049f4   0x00000064   Code   RO         4618    i.prvCheckForValidListAndQueue  timers.o
    0x08004a58   0x08004a58   0x00000064   Code   RO         4260    i.prvCheckTasksWaitingTermination  tasks.o
    0x08004abc   0x08004abc   0x0000002a   Code   RO         4028    i.prvCopyDataFromQueue  queue.o
    0x08004ae6   0x08004ae6   0x0000007c   Code   RO         4029    i.prvCopyDataToQueue  queue.o
    0x08004b62   0x08004b62   0x00000012   Code   RO         4261    i.prvDeleteTCB      tasks.o
    0x08004b74   0x08004b74   0x00000028   Code   RO         4619    i.prvGetNextExpireTime  timers.o
    0x08004b9c   0x08004b9c   0x0000007c   Code   RO         4748    i.prvHeapInit       heap_4.o
    0x08004c18   0x08004c18   0x00000028   Code   RO         4262    i.prvIdleTask       tasks.o
    0x08004c40   0x08004c40   0x0000002e   Code   RO         4031    i.prvInitialiseNewQueue  queue.o
    0x08004c6e   0x08004c6e   0x00000002   PAD
    0x08004c70   0x08004c70   0x000000d0   Code   RO         4263    i.prvInitialiseNewTask  tasks.o
    0x08004d40   0x08004d40   0x00000068   Code   RO         4264    i.prvInitialiseTaskLists  tasks.o
    0x08004da8   0x08004da8   0x00000068   Code   RO         4749    i.prvInsertBlockIntoFreeList  heap_4.o
    0x08004e10   0x08004e10   0x00000058   Code   RO         4621    i.prvInsertTimerInActiveList  timers.o
    0x08004e68   0x08004e68   0x0000001a   Code   RO         4032    i.prvIsQueueEmpty   queue.o
    0x08004e82   0x08004e82   0x0000001e   Code   RO         4033    i.prvIsQueueFull    queue.o
    0x08004ea0   0x08004ea0   0x000000a0   Code   RO         4034    i.prvNotifyQueueSetContainer  queue.o
    0x08004f40   0x08004f40   0x00000080   Code   RO         4622    i.prvProcessExpiredTimer  timers.o
    0x08004fc0   0x08004fc0   0x0000012c   Code   RO         4623    i.prvProcessReceivedCommands  timers.o
    0x080050ec   0x080050ec   0x00000074   Code   RO         4624    i.prvProcessTimerOrBlockTask  timers.o
    0x08005160   0x08005160   0x00000034   Code   RO         4266    i.prvResetNextTaskUnblockTime  tasks.o
    0x08005194   0x08005194   0x0000002c   Code   RO         4625    i.prvSampleTimeNow  timers.o
    0x080051c0   0x080051c0   0x000000bc   Code   RO         4626    i.prvSwitchTimerLists  timers.o
    0x0800527c   0x0800527c   0x00000070   Code   RO         4798    i.prvTaskExitError  port.o
    0x080052ec   0x080052ec   0x00000074   Code   RO         4268    i.prvTaskIsTaskSuspended  tasks.o
    0x08005360   0x08005360   0x0000001e   Code   RO         3893    i.prvTestWaitCondition  event_groups.o
    0x0800537e   0x0800537e   0x0000001a   Code   RO         4627    i.prvTimerTask      timers.o
    0x08005398   0x08005398   0x00000092   Code   RO         4035    i.prvUnlockQueue    queue.o
    0x0800542a   0x0800542a   0x00000002   PAD
    0x0800542c   0x0800542c   0x00000154   Code   RO         4750    i.pvPortMalloc      heap_4.o
    0x08005580   0x08005580   0x00000020   Code   RO         4270    i.pvTaskIncrementMutexHeldCount  tasks.o
    0x080055a0   0x080055a0   0x00000098   Code   RO          801    i.pwm_motor         motor.o
    0x08005638   0x08005638   0x00000024   Code   RO         4799    i.pxPortInitialiseStack  port.o
    0x0800565c   0x0800565c   0x00000024   Code   RO          314    i.send_device_state  control.o
    0x08005680   0x08005680   0x00000068   Code   RO          596    i.tim4_init         timer4.o
    0x080056e8   0x080056e8   0x00000040   Code   RO          642    i.u2_TxData         usart2.o
    0x08005728   0x08005728   0x0000005c   Code   RO          643    i.u2_printf         usart2.o
    0x08005784   0x08005784   0x00000080   Code   RO          613    i.usart1_init       usart1.o
    0x08005804   0x08005804   0x000000b4   Code   RO          644    i.usart2_init       usart2.o
    0x080058b8   0x080058b8   0x000000b0   Code   RO          739    i.usart3_init       usart3.o
    0x08005968   0x08005968   0x00000028   Code   RO         3991    i.uxListRemove      list.o
    0x08005990   0x08005990   0x0000001c   Code   RO         4277    i.uxTaskResetEventItemValue  tasks.o
    0x080059ac   0x080059ac   0x00000010   Code   RO         3895    i.vEventGroupClearBitsCallback  event_groups.o
    0x080059bc   0x080059bc   0x0000001a   Code   RO         3992    i.vListInitialise   list.o
    0x080059d6   0x080059d6   0x00000006   Code   RO         3993    i.vListInitialiseItem  list.o
    0x080059dc   0x080059dc   0x00000034   Code   RO         3994    i.vListInsert       list.o
    0x08005a10   0x08005a10   0x00000018   Code   RO         3995    i.vListInsertEnd    list.o
    0x08005a28   0x08005a28   0x00000048   Code   RO            5    i.vPC_Communication_Task  main.o
    0x08005a70   0x08005a70   0x00000088   Code   RO         4801    i.vPortEnterCritical  port.o
    0x08005af8   0x08005af8   0x00000070   Code   RO         4802    i.vPortExitCritical  port.o
    0x08005b68   0x08005b68   0x000000b8   Code   RO         4751    i.vPortFree         heap_4.o
    0x08005c20   0x08005c20   0x00000020   Code   RO         4803    i.vPortSetupTimerInterrupt  port.o
    0x08005c40   0x08005c40   0x000000a0   Code   RO         4804    i.vPortValidateInterruptPriority  port.o
    0x08005ce0   0x08005ce0   0x0000002c   Code   RO         4041    i.vQueueAddToRegistry  queue.o
    0x08005d0c   0x08005d0c   0x0000004a   Code   RO         4045    i.vQueueWaitForMessageRestricted  queue.o
    0x08005d56   0x08005d56   0x00000002   PAD
    0x08005d58   0x08005d58   0x00000074   Code   RO         4278    i.vTaskDelay        tasks.o
    0x08005dcc   0x08005dcc   0x0000010c   Code   RO         4280    i.vTaskDelete       tasks.o
    0x08005ed8   0x08005ed8   0x0000000c   Code   RO         4284    i.vTaskMissedYield  tasks.o
    0x08005ee4   0x08005ee4   0x00000054   Code   RO         4286    i.vTaskPlaceOnEventList  tasks.o
    0x08005f38   0x08005f38   0x0000005c   Code   RO         4287    i.vTaskPlaceOnEventListRestricted  tasks.o
    0x08005f94   0x08005f94   0x0000007c   Code   RO         4288    i.vTaskPlaceOnUnorderedEventList  tasks.o
    0x08006010   0x08006010   0x000000b0   Code   RO         4289    i.vTaskPriorityInherit  tasks.o
    0x080060c0   0x080060c0   0x000000ac   Code   RO         4291    i.vTaskResume       tasks.o
    0x0800616c   0x0800616c   0x0000004c   Code   RO         4293    i.vTaskSetTimeOutState  tasks.o
    0x080061b8   0x080061b8   0x000000ac   Code   RO         4294    i.vTaskStartScheduler  tasks.o
    0x08006264   0x08006264   0x00000100   Code   RO         4295    i.vTaskSuspend      tasks.o
    0x08006364   0x08006364   0x00000010   Code   RO         4296    i.vTaskSuspendAll   tasks.o
    0x08006374   0x08006374   0x000000a8   Code   RO         4297    i.vTaskSwitchContext  tasks.o
    0x0800641c   0x0800641c   0x0000000e   Code   RO          830    i.value1            timer.o
    0x0800642a   0x0800642a   0x00000002   PAD
    0x0800642c   0x0800642c   0x00000034   Code   RO          687    i.wifi_reset_io_init  wifi.o
    0x08006460   0x08006460   0x000000bc   Code   RO            6    i.wifi_task         main.o
    0x0800651c   0x0800651c   0x00000074   Code   RO         3898    i.xEventGroupClearBits  event_groups.o
    0x08006590   0x08006590   0x0000001c   Code   RO         3899    i.xEventGroupClearBitsFromISR  event_groups.o
    0x080065ac   0x080065ac   0x0000001a   Code   RO         3900    i.xEventGroupCreate  event_groups.o
    0x080065c6   0x080065c6   0x0000002c   Code   RO         3901    i.xEventGroupGetBitsFromISR  event_groups.o
    0x080065f2   0x080065f2   0x00000002   PAD
    0x080065f4   0x080065f4   0x000000e8   Code   RO         3902    i.xEventGroupSetBits  event_groups.o
    0x080066dc   0x080066dc   0x00000158   Code   RO         3905    i.xEventGroupWaitBits  event_groups.o
    0x08006834   0x08006834   0x000000a0   Code   RO         4805    i.xPortStartScheduler  port.o
    0x080068d4   0x080068d4   0x00000034   Code   RO         4806    i.xPortSysTickHandler  port.o
    0x08006908   0x08006908   0x00000074   Code   RO         4050    i.xQueueGenericCreate  queue.o
    0x0800697c   0x0800697c   0x000001c8   Code   RO         4051    i.xQueueGenericReceive  queue.o
    0x08006b44   0x08006b44   0x000000b0   Code   RO         4052    i.xQueueGenericReset  queue.o
    0x08006bf4   0x08006bf4   0x000001c4   Code   RO         4053    i.xQueueGenericSend  queue.o
    0x08006db8   0x08006db8   0x00000110   Code   RO         4054    i.xQueueGenericSendFromISR  queue.o
    0x08006ec8   0x08006ec8   0x000000dc   Code   RO         4060    i.xQueueReceiveFromISR  queue.o
    0x08006fa4   0x08006fa4   0x000000a0   Code   RO         4298    i.xTaskCheckForTimeOut  tasks.o
    0x08007044   0x08007044   0x00000060   Code   RO         4299    i.xTaskCreate       tasks.o
    0x080070a4   0x080070a4   0x00000020   Code   RO         4303    i.xTaskGetSchedulerState  tasks.o
    0x080070c4   0x080070c4   0x0000000c   Code   RO         4304    i.xTaskGetTickCount  tasks.o
    0x080070d0   0x080070d0   0x00000160   Code   RO         4306    i.xTaskIncrementTick  tasks.o
    0x08007230   0x08007230   0x000000d8   Code   RO         4309    i.xTaskPriorityDisinherit  tasks.o
    0x08007308   0x08007308   0x000000b4   Code   RO         4310    i.xTaskRemoveFromEventList  tasks.o
    0x080073bc   0x080073bc   0x000000c0   Code   RO         4311    i.xTaskRemoveFromUnorderedEventList  tasks.o
    0x0800747c   0x0800747c   0x00000120   Code   RO         4312    i.xTaskResumeAll    tasks.o
    0x0800759c   0x0800759c   0x000000cc   Code   RO         4313    i.xTaskResumeFromISR  tasks.o
    0x08007668   0x08007668   0x00000074   Code   RO         4631    i.xTimerCreateTimerTask  timers.o
    0x080076dc   0x080076dc   0x000000a4   Code   RO         4632    i.xTimerGenericCommand  timers.o
    0x08007780   0x08007780   0x00000034   Code   RO         4638    i.xTimerPendFunctionCallFromISR  timers.o
    0x080077b4   0x080077b4   0x0000002c   Code   RO         5110    locale$$code        c_w.l(lc_numeric_c.o)
    0x080077e0   0x080077e0   0x0000002c   Code   RO         5130    locale$$code        c_w.l(lc_ctype_c.o)
    0x0800780c   0x0800780c   0x000000c4   Code   RO         4961    x$fpl$fadd          fz_ws.l(faddsub_clz.o)
    0x080078d0   0x080078d0   0x00000184   Code   RO         4968    x$fpl$fdiv          fz_ws.l(fdiv.o)
    0x08007a54   0x08007a54   0x0000003e   Code   RO         4975    x$fpl$ffixu         fz_ws.l(ffixu.o)
    0x08007a92   0x08007a92   0x00000002   PAD
    0x08007a94   0x08007a94   0x00000030   Code   RO         4980    x$fpl$fflt          fz_ws.l(fflt_clz.o)
    0x08007ac4   0x08007ac4   0x00000102   Code   RO         4985    x$fpl$fmul          fz_ws.l(fmul.o)
    0x08007bc6   0x08007bc6   0x0000008c   Code   RO         5037    x$fpl$fnaninf       fz_ws.l(fnaninf.o)
    0x08007c52   0x08007c52   0x0000000a   Code   RO         5039    x$fpl$fretinf       fz_ws.l(fretinf.o)
    0x08007c5c   0x08007c5c   0x00000014   Code   RO         4962    x$fpl$frsb          fz_ws.l(faddsub_clz.o)
    0x08007c70   0x08007c70   0x000000ea   Code   RO         4963    x$fpl$fsub          fz_ws.l(faddsub_clz.o)
    0x08007d5a   0x08007d5a   0x00000004   Code   RO         5041    x$fpl$printf1       fz_ws.l(printf1.o)
    0x08007d5e   0x08007d5e   0x00000000   Code   RO         5043    x$fpl$usenofp       fz_ws.l(usenofp.o)
    0x08007d5e   0x08007d5e   0x00000002   PAD
    0x08007d60   0x08007d60   0x0000005c   Data   RO            7    .constdata          main.o
    0x08007dbc   0x08007dbc   0x00000028   Data   RO         4913    .constdata          c_w.l(_printf_hex_int_ll_ptr.o)
    0x08007de4   0x08007de4   0x00000011   Data   RO         4933    .constdata          c_w.l(__printf_flags_ss_wp.o)
    0x08007df5   0x08007df5   0x00000003   PAD
    0x08007df8   0x08007df8   0x00000008   Data   RO         5007    .constdata          c_w.l(_printf_wctomb.o)
    0x08007e00   0x08007e00   0x00000094   Data   RO         5085    .constdata          c_w.l(bigflt0.o)
    0x08007e94   0x08007e94   0x0000001b   Data   RO            8    .conststring        main.o
    0x08007eaf   0x08007eaf   0x00000001   PAD
    0x08007eb0   0x08007eb0   0x00000020   Data   RO         5252    Region$$Table       anon$$obj.o
    0x08007ed0   0x08007ed0   0x0000001c   Data   RO         5109    locale$$data        c_w.l(lc_numeric_c.o)
    0x08007eec   0x08007eec   0x00000110   Data   RO         5129    locale$$data        c_w.l(lc_ctype_c.o)


    Execution Region RW_IRAM1 (Exec base: 0x20000000, Load base: 0x08007ffc, Size: 0x00004120, Max: 0x00005000, ABSOLUTE, COMPRESSED[0x00000048])

    Exec Addr    Load Addr    Size         Type   Attr      Idx    E Section Name        Object

    0x20000000   COMPRESSED   0x00000044   Data   RW            9    .data               main.o
    0x20000044   COMPRESSED   0x00000014   Data   RW          248    .data               system_stm32f10x.o
    0x20000058   COMPRESSED   0x00000004   Data   RW          358    .data               delay.o
    0x2000005c   COMPRESSED   0x00000041   Data   RW          439    .data               mqtt.o
    0x2000009d   COMPRESSED   0x00000003   PAD
    0x200000a0   COMPRESSED   0x00000004   Data   RW          614    .data               usart1.o
    0x200000a4   COMPRESSED   0x00000004   Data   RW          646    .data               usart2.o
    0x200000a8   COMPRESSED   0x00000003   Data   RW          740    .data               usart3.o
    0x200000ab   COMPRESSED   0x00000001   PAD
    0x200000ac   COMPRESSED   0x0000001c   Data   RW          784    .data               pid.o
    0x200000c8   COMPRESSED   0x00000010   Data   RW          831    .data               timer.o
    0x200000d8   COMPRESSED   0x00000014   Data   RW         2514    .data               stm32f10x_rcc.o
    0x200000ec   COMPRESSED   0x0000003c   Data   RW         4315    .data               tasks.o
    0x20000128   COMPRESSED   0x00000014   Data   RW         4640    .data               timers.o
    0x2000013c   COMPRESSED   0x00000018   Data   RW         4756    .data               heap_4.o
    0x20000154   COMPRESSED   0x0000000c   Data   RW         4807    .data               port.o
    0x20000160        -       0x00000a0c   Zero   RW          438    .bss                mqtt.o
    0x20000b6c   COMPRESSED   0x00000004   PAD
    0x20000b70        -       0x00000400   Zero   RW          645    .bss                usart2.o
    0x20000f70        -       0x00000040   Zero   RW         4065    .bss                queue.o
    0x20000fb0        -       0x000002e4   Zero   RW         4314    .bss                tasks.o
    0x20001294        -       0x00000028   Zero   RW         4639    .bss                timers.o
    0x200012bc        -       0x00002800   Zero   RW         4755    .bss                heap_4.o
    0x20003abc        -       0x00000060   Zero   RW         5125    .bss                c_w.l(libspace.o)
    0x20003b1c   COMPRESSED   0x00000004   PAD
    0x20003b20        -       0x00000200   Zero   RW          911    HEAP                startup_stm32f10x_hd.o
    0x20003d20        -       0x00000400   Zero   RW          910    STACK               startup_stm32f10x_hd.o


==============================================================================

Image component sizes


      Code (inc. data)   RO Data    RW Data    ZI Data      Debug   Object Name

        36          0          0          0          0        624   control.o
         0          0          0          0          0         32   core_cm3.o
       224         26          0          4          0       1871   delay.o
       184          6          0          0          0       1102   encoder.o
       836        144          0          0          0      15483   event_groups.o
       752        176          0         24      10240       3875   heap_4.o
        96         18          0          0          0       1376   led.o
       148          0          0          0          0       3070   list.o
      1956        746        119         68          0     276800   main.o
       172         22          0          0          0       2065   misc.o
       366         38          0          0          0       2757   motor.o
      1848        332          0         65       2572       7599   mqtt.o
       912         44          0          0          0       2704   one.o
       180         32          0         28          0       1002   pid.o
       950        320          0         12          0      10169   port.o
      2384        276          0          0         64      14128   queue.o
        64         26        304          0       1536        796   startup_stm32f10x_hd.o
       296          0          0          0          0       3628   stm32f10x_gpio.o
       436         74          0          0          0       4755   stm32f10x_it.o
       340         44          0         20          0       5596   stm32f10x_rcc.o
      1906        234          0          0          0      15739   stm32f10x_tim.o
       612         28          0          0          0       6817   stm32f10x_usart.o
       328         28          0         20          0       2097   system_stm32f10x.o
      4498       1208          0         60        740      33314   tasks.o
       110          6          0         16          0       1470   timer.o
       224          8          0          0          0       1155   timer3.o
       104          6          0          0          0        676   timer4.o
      1362        316          0         20         40       9307   timers.o
       160         14          0          4          0       3484   usart1.o
       336         24          0          4       1024       3237   usart2.o
       328         28          0          3          0       1558   usart3.o
      1516        792          0          0          0       3834   wifi.o

    ----------------------------------------------------------------------
     23694       5016        456        352      16220     442120   Object Totals
         0          0         32          0          0          0   (incl. Generated)
        30          0          1          4          4          0   (incl. Padding)

    ----------------------------------------------------------------------

      Code (inc. data)   RO Data    RW Data    ZI Data      Debug   Library Member Name

        24          4          0          0          0         84   __2printf.o
        44          6          0          0          0         84   __2sprintf.o
        90          0          0          0          0          0   __dczerorl2.o
         8          0          0          0          0         68   __main.o
       392          4         17          0          0         92   __printf_flags_ss_wp.o
        14          0          0          0          0         68   __printf_wp.o
         0          0          0          0          0          0   __rtentry.o
        12          0          0          0          0          0   __rtentry2.o
         6          0          0          0          0          0   __rtentry4.o
        52          8          0          0          0          0   __scatter.o
        28          0          0          0          0          0   __scatter_zi.o
         6          0          0          0          0          0   _printf_a.o
         6          0          0          0          0          0   _printf_c.o
        44          0          0          0          0        108   _printf_char.o
        48          6          0          0          0         96   _printf_char_common.o
        36          4          0          0          0         80   _printf_char_file.o
        40          0          0          0          0         68   _printf_charcount.o
         6          0          0          0          0          0   _printf_d.o
       120         16          0          0          0         92   _printf_dec.o
         6          0          0          0          0          0   _printf_e.o
         6          0          0          0          0          0   _printf_f.o
      1054          0          0          0          0        216   _printf_fp_dec.o
       128         16          0          0          0         84   _printf_fp_infnan.o
         6          0          0          0          0          0   _printf_g.o
       148          4         40          0          0        160   _printf_hex_int_ll_ptr.o
         6          0          0          0          0          0   _printf_i.o
       178          0          0          0          0         88   _printf_intcommon.o
        10          0          0          0          0          0   _printf_l.o
         6          0          0          0          0          0   _printf_lc.o
        10          0          0          0          0          0   _printf_ll.o
         6          0          0          0          0          0   _printf_lld.o
         6          0          0          0          0          0   _printf_lli.o
         6          0          0          0          0          0   _printf_llo.o
         6          0          0          0          0          0   _printf_llu.o
         6          0          0          0          0          0   _printf_llx.o
       124         16          0          0          0         92   _printf_longlong_dec.o
         6          0          0          0          0          0   _printf_ls.o
         6          0          0          0          0          0   _printf_n.o
         6          0          0          0          0          0   _printf_o.o
       112         10          0          0          0        124   _printf_oct_int_ll.o
         6          0          0          0          0          0   _printf_p.o
        78          0          0          0          0        108   _printf_pad.o
         0          0          0          0          0          0   _printf_percent.o
         4          0          0          0          0          0   _printf_percent_end.o
         6          0          0          0          0          0   _printf_s.o
        82          0          0          0          0         80   _printf_str.o
        36          0          0          0          0         84   _printf_truncate.o
         6          0          0          0          0          0   _printf_u.o
        44          0          0          0          0        108   _printf_wchar.o
       188          6          8          0          0         92   _printf_wctomb.o
         6          0          0          0          0          0   _printf_x.o
        10          0          0          0          0         68   _sputc.o
        64          0          0          0          0         92   _wcrtomb.o
        16          0          0          0          0         68   aeabi_memset.o
       228          4        148          0          0         96   bigflt0.o
      1936        128          0          0          0        672   btod.o
        36          4          0          0          0         76   c89vsprintf.o
        18          0          0          0          0         80   exit.o
         8          0          0          0          0         68   ferror.o
         6          0          0          0          0        152   heapauxi.o
        44         10        272          0          0         76   lc_ctype_c.o
        44         10         28          0          0         76   lc_numeric_c.o
         2          0          0          0          0          0   libinit.o
        30          0          0          0          0          0   libinit2.o
         2          0          0          0          0          0   libshutdown.o
         2          0          0          0          0          0   libshutdown2.o
         8          4          0          0         96         68   libspace.o
       138          0          0          0          0         80   lludiv10.o
        88          0          0          0          0         76   memcmp.o
        16          4          0          0          0         76   rt_ctype_table.o
         8          4          0          0          0         68   rt_locale_intlibspace.o
        68          0          0          0          0         68   rt_memclr.o
        78          0          0          0          0         80   rt_memclr_w.o
       138          0          0          0          0         68   rt_memcpy_v6.o
       100          0          0          0          0         80   rt_memcpy_w.o
         2          0          0          0          0          0   rtexit.o
        10          0          0          0          0          0   rtexit2.o
       128          0          0          0          0         68   strcmpv7m.o
        62          0          0          0          0         76   strlen.o
        36          0          0          0          0         80   strstr.o
        74          0          0          0          0         80   sys_stackheap_outer.o
         2          0          0          0          0         68   use_no_semi.o
         2          0          0          0          0         68   use_no_semi_2.o
       450          8          0          0          0        236   faddsub_clz.o
       388         76          0          0          0         96   fdiv.o
        62          4          0          0          0         84   ffixu.o
        48          0          0          0          0         68   fflt_clz.o
       258          4          0          0          0         84   fmul.o
       140          4          0          0          0         84   fnaninf.o
        10          0          0          0          0         68   fretinf.o
         4          0          0          0          0         68   printf1.o
         0          0          0          0          0          0   usenofp.o
        40          0          0          0          0         68   fpclassify.o

    ----------------------------------------------------------------------
      8098        364        516          0        100       5560   Library Totals
        20          0          3          0          4          0   (incl. Padding)

    ----------------------------------------------------------------------

      Code (inc. data)   RO Data    RW Data    ZI Data      Debug   Library Name

      6678        268        513          0         96       4704   c_w.l
      1360         96          0          0          0        788   fz_ws.l
        40          0          0          0          0         68   m_ws.l

    ----------------------------------------------------------------------
      8098        364        516          0        100       5560   Library Totals

    ----------------------------------------------------------------------

==============================================================================


      Code (inc. data)   RO Data    RW Data    ZI Data      Debug   

     31792       5380        972        352      16320     434468   Grand Totals
     31792       5380        972         72      16320     434468   ELF Image Totals (compressed)
     31792       5380        972         72          0          0   ROM Totals

==============================================================================

    Total RO  Size (Code + RO Data)                32764 (  32.00kB)
    Total RW  Size (RW Data + ZI Data)             16672 (  16.28kB)
    Total ROM Size (Code + RO Data + RW Data)      32836 (  32.07kB)

==============================================================================

